10-28 11:09:35.441 E/HsmCoreServiceImpl( 2428): onTransact in code is: 102
10-28 11:09:36.427 E/ResolverController(  605): No valid NAT64 prefix (117, <unspecified>/0)
10-28 11:09:36.613 E/ResolverController(  605): No valid NAT64 prefix (117, <unspecified>/0)
10-28 11:09:36.629 E/HsmCoreServiceImpl( 2428): onTransact in code is: 102
10-28 11:09:36.645 E/AwareLog(  814): iawared: WorkingsetPathCheckInternal Failed to lstat(/data/system/iaware/workingset/): Permission denied
10-28 11:09:36.645 E/AwareLog(  814): iawared: WorkingsetPathCheck Failed to create directory(/data/system/iaware/workingset/): Permission denied
10-28 11:09:36.665 E/NPS     (26631): instantiateActivity,classLoader=dalvik.system.PathClassLoader[DexPathList[[zip file "/data/app/com.baidu.haokan-QaHXRnlLEN5vja585CsJJA==/base.apk"],nativeLibraryDirectories=[/data/user/0/com.baidu.haokan/files/cybermedia/libs/armeabi-v7a/mml_framework_0.5.0.3, /data/user/0/com.baidu.haokan/files/cybermedia/libs/armeabi-v7a/opencv_java3_0.3.2.0, /data/user/0/com.baidu.haokan/files/cybermedia/libs/armeabi-v7a/paddle-mobile-cl_0.5.0.3, /data/user/0/com.baidu.haokan/files/cybermedia/libs/armeabi-v7a/cyber-pcdn_2.0.1.1252, /data/user/0/com.baidu.haokan/files/cybermedia/libs/armeabi-v7a/cyber-ffmpeg-extend_4.1.2.13, /data/app/com.baidu.haokan-QaHXRnlLEN5vja585CsJJA==/lib/arm, /data/app/com.baidu.haokan-QaHXRnlLEN5vja585CsJJA==/lib/arm, /data/app/com.baidu.haokan-QaHXRnlLEN5vja585CsJJA==/base.apk!/lib/armeabi, /system/lib, /hw_product/lib, /system/lib, /hw_product/lib, /system/lib, /hw_product/lib, /system/lib, /hw_product/lib, /system/lib, /hw_product/lib, /system/lib, /hw_product/lib, /system/lib, /hw_product/lib]]] className=com.baidu.sapi2.activity.LoginActivity
10-28 11:09:36.665 E/NPS     (26631): NPSComponentFactory.instantiateActivity|process=26631
10-28 11:09:36.668 E/LoginController(26631): ask init in Thread: main, 2
10-28 11:09:36.741 E/ResolverController(  605): No valid NAT64 prefix (117, <unspecified>/0)
10-28 11:09:36.748 E/HwModemCapability( 2476): isCapabilitySupport java.lang.StringIndexOutOfBoundsException: length=7; index=7
10-28 11:09:36.752 E/DollieAdapterService( 2428): notifyActivityState pkg:com.baidu.haokan/com.baidu.sapi2.activity.LoginActivity state:2 fg:true mUid:10344
10-28 11:09:36.754 E/HsmCoreServiceImpl( 2428): onTransact in code is: 103
10-28 11:09:36.761 E/HwModemCapability( 1857): isCapabilitySupport java.lang.StringIndexOutOfBoundsException: length=7; index=7
10-28 11:09:36.761 E/HwModemCapability( 1857): isCapabilitySupport java.lang.StringIndexOutOfBoundsException: length=7; index=7
10-28 11:09:36.761 E/HwModemCapability( 1407): isCapabilitySupport java.lang.StringIndexOutOfBoundsException: unknown reason
10-28 11:09:36.762 E/HwModemCapability( 1857): isCapabilitySupport java.lang.StringIndexOutOfBoundsException: length=7; index=7
10-28 11:09:36.763 E/HwModemCapability( 2172): isCapabilitySupport java.lang.StringIndexOutOfBoundsException: length=7; index=7
10-28 11:09:36.763 E/HwModemCapability( 2396): isCapabilitySupport java.lang.StringIndexOutOfBoundsException: length=7; index=7
10-28 11:09:36.764 E/HwModemCapability( 4401): isCapabilitySupport java.lang.StringIndexOutOfBoundsException: length=7; index=7
10-28 11:09:36.764 E/HwModemCapability( 2396): isCapabilitySupport java.lang.StringIndexOutOfBoundsException: length=7; index=7
10-28 11:09:36.765 E/HwModemCapability( 2396): isCapabilitySupport java.lang.StringIndexOutOfBoundsException: length=7; index=7
10-28 11:09:36.765 E/HwModemCapability( 1407): isCapabilitySupport java.lang.StringIndexOutOfBoundsException: unknown reason
10-28 11:09:36.765 E/HwModemCapability( 2396): isCapabilitySupport java.lang.StringIndexOutOfBoundsException: length=7; index=7
10-28 11:09:36.768 E/HwModemCapability( 2396): isCapabilitySupport java.lang.StringIndexOutOfBoundsException: length=7; index=7
10-28 11:09:36.768 E/HwModemCapability( 2396): isCapabilitySupport java.lang.StringIndexOutOfBoundsException: length=7; index=7
10-28 11:09:36.768 E/HwModemCapability( 2396): isCapabilitySupport java.lang.StringIndexOutOfBoundsException: length=7; index=7
10-28 11:09:36.769 E/HwModemCapability( 1857): isCapabilitySupport java.lang.StringIndexOutOfBoundsException: length=7; index=7
10-28 11:09:36.771 E/HwModemCapability( 1857): isCapabilitySupport java.lang.StringIndexOutOfBoundsException: length=7; index=7
10-28 11:09:36.772 E/HwModemCapability( 2428): isCapabilitySupport java.lang.StringIndexOutOfBoundsException: length=7; index=7
10-28 11:09:36.772 E/HwModemCapability( 2428): isCapabilitySupport java.lang.StringIndexOutOfBoundsException: length=7; index=7
10-28 11:09:36.773 E/HwModemCapability( 2396): isCapabilitySupport java.lang.StringIndexOutOfBoundsException: length=7; index=7
10-28 11:09:36.775 E/HwModemCapability( 2396): isCapabilitySupport java.lang.StringIndexOutOfBoundsException: length=7; index=7
10-28 11:09:36.776 E/FindCurApp( 5119): CAWARENESS: appInWhiteList illegal parameters
10-28 11:09:36.776 E/FindCurApp( 5119): CAWARENESS: appInWhiteList illegal parameters
10-28 11:09:36.798 E/WindowManager( 1407): icon is null!!
10-28 11:09:36.802 E/WindowManager( 1407): icon is null!!
10-28 11:09:36.842 E/ProcessInfoCollector( 1407): getProcessInfo: failed to find this proc 
10-28 11:09:36.849 E/ProcessService(28314): Not starting debugger since process cannot load the jdwp agent.
10-28 11:09:37.132 E/BufferQueueProducer(  684): [SurfaceView - com.baidu.haokan/com.baidu.searchbox.live.list.LiveListActivity#0]:1338: disconnect: not connected (req=1)
10-28 11:09:37.152 E/WifiService( 1407): enforceCanAccessScanResults: hiding ssid and bssidUID 10344 has no location permission
10-28 11:09:37.180 E/BufferQueueProducer(  684): [com.baidu.haokan/com.baidu.searchbox.live.list.LiveListActivity#0]:1338: disconnect: not connected (req=1)
10-28 11:09:37.187 E/WindowManager( 1407): win=Window{5d6fbb9 u0 com.baidu.haokan/com.baidu.searchbox.live.list.LiveListActivity} destroySurfaces: appStopped=true win.mWindowRemovalAllowed=false win.mRemoveOnExit=false
10-28 11:09:37.300 E/ResolverController(  605): No valid NAT64 prefix (117, <unspecified>/0)
10-28 11:09:37.305 E/ResolverController(  605): No valid NAT64 prefix (117, <unspecified>/0)
10-28 11:09:37.330 E/ResolverController(  605): No valid NAT64 prefix (117, <unspecified>/0)
10-28 11:09:37.456 E/ResolverController(  605): No valid NAT64 prefix (117, <unspecified>/0)
10-28 11:09:37.944 E/ResolverController(  605): No valid NAT64 prefix (117, <unspecified>/0)
10-28 11:09:37.962 E/HwModemCapability( 2476): isCapabilitySupport java.lang.StringIndexOutOfBoundsException: length=7; index=7
10-28 11:09:37.973 E/HwModemCapability( 2396): isCapabilitySupport java.lang.StringIndexOutOfBoundsException: length=7; index=7
10-28 11:09:37.976 E/HwModemCapability( 2396): isCapabilitySupport java.lang.StringIndexOutOfBoundsException: length=7; index=7
10-28 11:09:37.977 E/HwModemCapability( 4401): isCapabilitySupport java.lang.StringIndexOutOfBoundsException: length=7; index=7
10-28 11:09:37.977 E/HwModemCapability( 2396): isCapabilitySupport java.lang.StringIndexOutOfBoundsException: length=7; index=7
10-28 11:09:37.979 E/HwModemCapability( 2172): isCapabilitySupport java.lang.StringIndexOutOfBoundsException: length=7; index=7
10-28 11:09:37.983 E/HwModemCapability( 1407): isCapabilitySupport java.lang.StringIndexOutOfBoundsException: unknown reason
10-28 11:09:37.984 E/HwModemCapability( 1407): isCapabilitySupport java.lang.StringIndexOutOfBoundsException: unknown reason
10-28 11:09:37.991 E/HwModemCapability( 2428): isCapabilitySupport java.lang.StringIndexOutOfBoundsException: length=7; index=7
10-28 11:09:37.992 E/HwModemCapability( 2428): isCapabilitySupport java.lang.StringIndexOutOfBoundsException: length=7; index=7
10-28 11:09:37.993 E/HwModemCapability( 2428): isCapabilitySupport java.lang.StringIndexOutOfBoundsException: length=7; index=7
10-28 11:09:37.993 E/HwModemCapability( 2428): isCapabilitySupport java.lang.StringIndexOutOfBoundsException: length=7; index=7
10-28 11:09:37.994 E/HwModemCapability( 1857): isCapabilitySupport java.lang.StringIndexOutOfBoundsException: length=7; index=7
10-28 11:09:38.001 E/HwModemCapability( 1857): isCapabilitySupport java.lang.StringIndexOutOfBoundsException: length=7; index=7
10-28 11:09:38.002 E/HwModemCapability( 1857): isCapabilitySupport java.lang.StringIndexOutOfBoundsException: length=7; index=7
10-28 11:09:38.014 E/AwareLog( 1407): AppStatusUtils: error status type input!
10-28 11:09:38.015 E/AwareLog( 1407): AppStatusUtils: error status type input!
10-28 11:09:38.016 E/HwModemCapability( 1857): isCapabilitySupport java.lang.StringIndexOutOfBoundsException: length=7; index=7
10-28 11:09:38.017 E/AwareLog( 1407): AppStatusUtils: error status type input!
10-28 11:09:38.018 E/AwareLog( 1407): AppStatusUtils: error status type input!
10-28 11:09:38.024 E/HwModemCapability( 2396): isCapabilitySupport java.lang.StringIndexOutOfBoundsException: length=7; index=7
10-28 11:09:38.026 E/HwModemCapability( 2396): isCapabilitySupport java.lang.StringIndexOutOfBoundsException: length=7; index=7
10-28 11:09:38.038 E/HsmCoreServiceImpl( 2428): onTransact in code is: 102
10-28 11:09:38.189 E/WifiHAL (  672): enter wifi_get_link_stats
10-28 11:09:38.197 E/WificondControl( 1407): Noise: 0, Snr: 0, Chload: -1
10-28 11:09:38.485 E/AwareLog(  814): iawared: change_property_content open /proc/sys/net/ipv4/netqos_limit fail errno(2)!
10-28 11:09:38.652 E/AwareLog(  814): iawared: change_property_content open /proc/sys/net/ipv4/netqos_limit fail errno(2)!
10-28 11:09:38.820 E/DeviceStatusController( 5119): CAWARENESS: executeStatusSensorCallback() containsKey(deviceStatus) is false
10-28 11:09:38.820 E/DeviceStatusController( 5119): CAWARENESS: executeSensorCallback() containsKey(deviceStatus) is false
10-28 11:09:38.821 E/ARMoudle.ARService( 2428): activityChangedCallBack for msdp
10-28 11:09:38.828 E/SwingDetection( 5119): CAWARENESS: dealMovementStatusChangedEvent() mSwingListener == null
10-28 11:09:38.833 E/EventManager( 5119): CAWARENESS: postEvent() awarenessListener == null
10-28 11:09:38.842 E/AppInfoMgr( 2172): not find pkgs by uid: 1051
10-28 11:09:39.822 E/OCTTY   ( 1422): [main:349] install already set to 
10-28 11:09:39.822 E/OCTTY   ( 1422): 
10-28 11:09:39.919 E/DollieAdapterService( 2428): notifyActivityState pkg:com.baidu.haokan/com.baidu.searchbox.live.list.LiveListActivity state:2 fg:true mUid:10344
10-28 11:09:39.923 E/OCTTY   ( 1422): [main:349] install already set to 
10-28 11:09:39.923 E/OCTTY   ( 1422): 
10-28 11:09:39.930 E/HsmCoreServiceImpl( 2428): onTransact in code is: 102
10-28 11:09:39.933 E/FindCurApp( 5119): CAWARENESS: appInWhiteList illegal parameters
10-28 11:09:39.933 E/FindCurApp( 5119): CAWARENESS: appInWhiteList illegal parameters
10-28 11:09:39.973 E/WindowManager( 1407): icon is null!!
10-28 11:09:39.977 E/WindowManager( 1407): icon is null!!
10-28 11:09:39.990 E/HsmCoreServiceImpl( 2428): onTransact in code is: 103
10-28 11:09:39.991 E/ScanRecord(23261): unable to parse scan record: [30, 5, 18, -94, 77, 46, -2, 20, 72, -114, -109, -46, 23, 60, -3, 2, 48, -128, -8, 31, 121, -23, -36, 21, -111, 60, 64, 0, 0, 0, 0]
10-28 11:09:39.991 E/AwareLog(  814): iawared: change_property_content open /proc/protect_lru fail errno(2)!
10-28 11:09:39.994 E/AwareLog(  814): iawared: change_property_content open /proc/protect_lru fail errno(2)!
10-28 11:09:39.994 E/AwareLog(  814): iawared: change_property_content open /proc/sys/vm/protect_lru/protect_max_mbytes fail errno(2)!
10-28 11:09:39.994 E/AwareLog(  814): iawared: change_property_content open /proc/sys/vm/protect_lru/protect_lru_enable fail errno(2)!
10-28 11:09:40.001 E/AwareLog( 1407): AppStatusUtils: error status type input!
10-28 11:09:40.003 E/AwareLog( 1407): AppStatusUtils: error status type input!
10-28 11:09:40.003 E/AwareLog( 1407): AppStatusUtils: error status type input!
10-28 11:09:40.010 E/AudioFlinger(  674): writing blocked, write to hal costs: 77ms
10-28 11:09:40.398 E/WifiService( 1407): enforceCanAccessScanResults: hiding ssid and bssidUID 10344 has no location permission
10-28 11:09:40.406 E/ResolverController(  605): No valid NAT64 prefix (117, <unspecified>/0)
10-28 11:09:40.467 E/BufferQueueProducer(  684): [com.baidu.haokan/com.baidu.sapi2.activity.LoginActivity#0]:1338: disconnect: not connected (req=1)
10-28 11:09:40.472 E/InputDispatcher( 1407): Window handle Window{58c8e51 u0 com.baidu.haokan/com.baidu.sapi2.activity.LoginActivity} has no registered input channel
10-28 11:09:40.517 E/        ( 1407): FileRead open file failed, errno = 2
10-28 11:09:40.517 E/        ( 1407): SetAwareCpuPolicy FileRead failed!
10-28 11:09:40.517 E/        ( 1407): FileRead open file failed, errno = 2
10-28 11:09:40.517 E/        ( 1407): SetAwareCpuPolicy FileRead failed!
10-28 11:09:40.517 E/        ( 1407): FileRead open file failed, errno = 2
10-28 11:09:40.517 E/        ( 1407): SetAwareCpuPolicy FileRead failed!
10-28 11:09:40.519 E/        ( 1407): FileRead open file failed, errno = 2
10-28 11:09:40.519 E/        ( 1407): SetAwareCpuPolicy FileRead failed!
10-28 11:09:40.519 E/        ( 1407): FileRead open file failed, errno = 2
10-28 11:09:40.519 E/        ( 1407): SetAwareCpuPolicy FileRead failed!
10-28 11:09:40.519 E/        ( 1407): FileRead open file failed, errno = 2
10-28 11:09:40.519 E/        ( 1407): SetAwareCpuPolicy FileRead failed!
10-28 11:09:40.519 E/        ( 1407): FileRead open file failed, errno = 2
10-28 11:09:40.519 E/        ( 1407): SetAwareCpuPolicy FileRead failed!
10-28 11:09:40.519 E/        ( 1407): FileRead open file failed, errno = 2
10-28 11:09:40.519 E/        ( 1407): SetAwareCpuPolicy FileRead failed!
10-28 11:09:40.520 E/        ( 1407): FileRead open file failed, errno = 2
10-28 11:09:40.520 E/        ( 1407): SetAwareCpuPolicy FileRead failed!
10-28 11:09:40.520 E/        ( 1407): FileRead open file failed, errno = 2
10-28 11:09:40.520 E/        ( 1407): SetAwareCpuPolicy FileRead failed!
10-28 11:09:40.520 E/        ( 1407): FileRead open file failed, errno = 2
10-28 11:09:40.520 E/        ( 1407): SetAwareCpuPolicy FileRead failed!
10-28 11:09:40.520 E/        ( 1407): FileRead open file failed, errno = 2
10-28 11:09:40.520 E/        ( 1407): SetAwareCpuPolicy FileRead failed!
10-28 11:09:40.520 E/        ( 1407): FileRead open file failed, errno = 2
10-28 11:09:40.520 E/        ( 1407): SetAwareCpuPolicy FileRead failed!
10-28 11:09:40.520 E/        ( 1407): FileRead open file failed, errno = 2
10-28 11:09:40.520 E/        ( 1407): SetAwareCpuPolicy FileRead failed!
10-28 11:09:40.520 E/        ( 1407): FileRead open file failed, errno = 2
10-28 11:09:40.520 E/        ( 1407): SetAwareCpuPolicy FileRead failed!
10-28 11:09:40.520 E/        ( 1407): FileRead open file failed, errno = 2
10-28 11:09:40.520 E/        ( 1407): SetAwareCpuPolicy FileRead failed!
10-28 11:09:40.520 E/        ( 1407): FileRead open file failed, errno = 2
10-28 11:09:40.520 E/        ( 1407): SetAwareCpuPolicy FileRead failed!
10-28 11:09:40.520 E/        ( 1407): FileRead open file failed, errno = 2
10-28 11:09:40.520 E/        ( 1407): SetAwareCpuPolicy FileRead failed!
10-28 11:09:40.520 E/        ( 1407): FileRead open file failed, errno = 2
10-28 11:09:40.520 E/        ( 1407): SetAwareCpuPolicy FileRead failed!
10-28 11:09:40.521 E/        ( 1407): FileRead open file failed, errno = 2
10-28 11:09:40.521 E/        ( 1407): SetAwareCpuPolicy FileRead failed!
10-28 11:09:40.521 E/        ( 1407): FileRead open file failed, errno = 2
10-28 11:09:40.521 E/        ( 1407): SetAwareCpuPolicy FileRead failed!
10-28 11:09:40.521 E/        ( 1407): FileRead open file failed, errno = 2
10-28 11:09:40.521 E/        ( 1407): SetAwareCpuPolicy FileRead failed!
10-28 11:09:40.523 E/ResolverController(  605): No valid NAT64 prefix (117, <unspecified>/0)
10-28 11:09:40.525 E/Thermal-daemon(  801): [ap] temp_new :36  temp_old :35
10-28 11:09:40.526 E/Thermal-daemon(  801): Report temperature: [ap] temp :36  report_threshold:1
10-28 11:09:40.598 E/HsmCoreServiceImpl( 2428): onTransact in code is: 102
10-28 11:09:40.616 E/ScanRecord(23261): unable to parse scan record: [30, 5, 18, -94, 77, 46, -2, 20, 72, -114, -109, -46, 23, 60, -3, 2, 48, -128, -8, 31, 121, -23, -36, 21, -111, 60, 64, 0, 0, 0, 0]
10-28 11:09:41.216 E/WificondControl( 1407): Noise: 0, Snr: 0, Chload: -1
10-28 11:09:41.229 E/WifiHAL (  672): enter wifi_get_link_stats
10-28 11:09:41.238 E/WificondControl( 1407): Noise: 0, Snr: 0, Chload: -1
10-28 11:09:41.559 E/BufferQueueProducer(  684): [PopupWindow:824289#0]:1338: disconnect: not connected (req=1)
10-28 11:09:41.572 E/InputDispatcher( 1407): Window handle Window{5e16db9 u0 PopupWindow:824289} has no registered input channel
10-28 11:09:41.591 E/InputDispatcher( 1407): Window handle Window{5e16db9 u0 PopupWindow:824289} has no registered input channel
10-28 11:09:41.604 E/InputDispatcher( 1407): Window handle Window{5e16db9 u0 PopupWindow:824289} has no registered input channel
10-28 11:09:41.879 E/WindowManager( 1407): win=Window{5e16db9 u0 PopupWindow:824289 EXITING} destroySurfaces: appStopped=false win.mWindowRemovalAllowed=true win.mRemoveOnExit=true
10-28 11:09:42.225 E/AwareLog(  814): iawared: WorkingsetPathCheckInternal Failed to lstat(/data/system/iaware/workingset/): Permission denied
10-28 11:09:42.225 E/AwareLog(  814): iawared: WorkingsetPathCheck Failed to create directory(/data/system/iaware/workingset/): Permission denied
10-28 11:09:42.234 E/HsmCoreServiceImpl( 2428): onTransact in code is: 102
10-28 11:09:42.249 E/NPS     (26631): instantiateActivity,classLoader=dalvik.system.PathClassLoader[DexPathList[[zip file "/data/app/com.baidu.haokan-QaHXRnlLEN5vja585CsJJA==/base.apk"],nativeLibraryDirectories=[/data/user/0/com.baidu.haokan/files/cybermedia/libs/armeabi-v7a/mml_framework_0.5.0.3, /data/user/0/com.baidu.haokan/files/cybermedia/libs/armeabi-v7a/opencv_java3_0.3.2.0, /data/user/0/com.baidu.haokan/files/cybermedia/libs/armeabi-v7a/paddle-mobile-cl_0.5.0.3, /data/user/0/com.baidu.haokan/files/cybermedia/libs/armeabi-v7a/cyber-pcdn_2.0.1.1252, /data/user/0/com.baidu.haokan/files/cybermedia/libs/armeabi-v7a/cyber-ffmpeg-extend_4.1.2.13, /data/app/com.baidu.haokan-QaHXRnlLEN5vja585CsJJA==/lib/arm, /data/app/com.baidu.haokan-QaHXRnlLEN5vja585CsJJA==/lib/arm, /data/app/com.baidu.haokan-QaHXRnlLEN5vja585CsJJA==/base.apk!/lib/armeabi, /system/lib, /hw_product/lib, /system/lib, /hw_product/lib, /system/lib, /hw_product/lib, /system/lib, /hw_product/lib, /system/lib, /hw_product/lib, /system/lib, /hw_product/lib, /system/lib, /hw_product/lib]]] className=com.baidu.sapi2.activity.LoginActivity
10-28 11:09:42.249 E/NPS     (26631): NPSComponentFactory.instantiateActivity|process=26631
10-28 11:09:42.251 E/HwCHRWifiRSSIGroupSummery( 2396): updatArpSummery mRSSI:-1  HwCHRWifiRSSIGroup [rssi_index=4, rtt_tcp_packets=0, rtt_tcp_duration=0, rtt_lan_duration=4264, rtt_lan_failures=5, rtt_lan_succ=261, rtt_lan_max=128, rtt_lan_min=2,same_area_frequency=0,adjacent_area_frequency=2]
10-28 11:09:42.252 E/LoginController(26631): ask init in Thread: main, 2
10-28 11:09:42.339 E/HsmCoreServiceImpl( 2428): onTransact in code is: 103
10-28 11:09:42.382 E/DollieAdapterService( 2428): notifyActivityState pkg:com.baidu.haokan/com.baidu.sapi2.activity.LoginActivity state:2 fg:true mUid:10344
10-28 11:09:42.396 E/FindCurApp( 5119): CAWARENESS: appInWhiteList illegal parameters
10-28 11:09:42.397 E/FindCurApp( 5119): CAWARENESS: appInWhiteList illegal parameters
10-28 11:09:42.426 E/WindowManager( 1407): icon is null!!
10-28 11:09:42.431 E/WindowManager( 1407): icon is null!!
10-28 11:09:42.476 E/ProcessInfoCollector( 1407): getProcessInfo: failed to find this proc 
10-28 11:09:42.484 E/ProcessService(28376): Not starting debugger since process cannot load the jdwp agent.
10-28 11:09:42.764 E/HwModemCapability( 2476): isCapabilitySupport java.lang.StringIndexOutOfBoundsException: length=7; index=7
10-28 11:09:42.770 E/BufferQueueProducer(  684): [SurfaceView - com.baidu.haokan/com.baidu.searchbox.live.list.LiveListActivity#0]:1338: disconnect: not connected (req=1)
10-28 11:09:42.784 E/HwModemCapability( 2172): isCapabilitySupport java.lang.StringIndexOutOfBoundsException: length=7; index=7
10-28 11:09:42.786 E/HwModemCapability( 2396): isCapabilitySupport java.lang.StringIndexOutOfBoundsException: length=7; index=7
10-28 11:09:42.788 E/HwModemCapability( 2396): isCapabilitySupport java.lang.StringIndexOutOfBoundsException: length=7; index=7
10-28 11:09:42.790 E/HwModemCapability( 2396): isCapabilitySupport java.lang.StringIndexOutOfBoundsException: length=7; index=7
10-28 11:09:42.792 E/HwModemCapability( 4401): isCapabilitySupport java.lang.StringIndexOutOfBoundsException: length=7; index=7
10-28 11:09:42.795 E/HwModemCapability( 1857): isCapabilitySupport java.lang.StringIndexOutOfBoundsException: length=7; index=7
10-28 11:09:42.796 E/HwModemCapability( 1857): isCapabilitySupport java.lang.StringIndexOutOfBoundsException: length=7; index=7
10-28 11:09:42.815 E/HwModemCapability( 1407): isCapabilitySupport java.lang.StringIndexOutOfBoundsException: unknown reason
10-28 11:09:42.818 E/HwModemCapability( 2396): isCapabilitySupport java.lang.StringIndexOutOfBoundsException: length=7; index=7
10-28 11:09:42.823 E/HwModemCapability( 2396): isCapabilitySupport java.lang.StringIndexOutOfBoundsException: length=7; index=7
10-28 11:09:42.827 E/HwModemCapability( 1407): isCapabilitySupport java.lang.StringIndexOutOfBoundsException: unknown reason
10-28 11:09:42.831 E/HwModemCapability( 2396): isCapabilitySupport java.lang.StringIndexOutOfBoundsException: length=7; index=7
10-28 11:09:42.832 E/HwModemCapability( 2396): isCapabilitySupport java.lang.StringIndexOutOfBoundsException: length=7; index=7
10-28 11:09:42.842 E/WifiService( 1407): enforceCanAccessScanResults: hiding ssid and bssidUID 10344 has no location permission
10-28 11:09:42.842 E/HwModemCapability( 1857): isCapabilitySupport java.lang.StringIndexOutOfBoundsException: length=7; index=7
10-28 11:09:42.848 E/HwModemCapability( 1857): isCapabilitySupport java.lang.StringIndexOutOfBoundsException: length=7; index=7
10-28 11:09:42.848 E/HwModemCapability( 2428): isCapabilitySupport java.lang.StringIndexOutOfBoundsException: length=7; index=7
10-28 11:09:42.848 E/HwModemCapability( 2428): isCapabilitySupport java.lang.StringIndexOutOfBoundsException: length=7; index=7
10-28 11:09:42.871 E/HwModemCapability( 2396): isCapabilitySupport java.lang.StringIndexOutOfBoundsException: length=7; index=7
10-28 11:09:42.872 E/HwModemCapability( 2396): isCapabilitySupport java.lang.StringIndexOutOfBoundsException: length=7; index=7
10-28 11:09:42.873 E/HwModemCapability( 2396): isCapabilitySupport java.lang.StringIndexOutOfBoundsException: length=7; index=7
10-28 11:09:42.874 E/HwModemCapability( 2396): isCapabilitySupport java.lang.StringIndexOutOfBoundsException: length=7; index=7
10-28 11:09:42.888 E/BufferQueueProducer(  684): [com.baidu.haokan/com.baidu.searchbox.live.list.LiveListActivity#0]:1338: disconnect: not connected (req=1)
10-28 11:09:42.899 E/WindowManager( 1407): win=Window{5d6fbb9 u0 com.baidu.haokan/com.baidu.searchbox.live.list.LiveListActivity} destroySurfaces: appStopped=true win.mWindowRemovalAllowed=false win.mRemoveOnExit=false
10-28 11:09:43.022 E/CellBatching.CellBatchingHardware(28179): isDisConnect:false
10-28 11:09:43.554 E/WifiService( 1407): enforceCanAccessScanResults: hiding ssid and bssidUID 10344 has no location permission
10-28 11:09:43.883 E/AppInfoMgr( 2172): not find pkgs by uid: 0
10-28 11:09:43.883 E/AppInfoMgr( 2172): not find pkgs by uid: 1051
10-28 11:09:43.971 E/HwModemCapability( 2476): isCapabilitySupport java.lang.StringIndexOutOfBoundsException: length=7; index=7
10-28 11:09:43.982 E/HwModemCapability( 2172): isCapabilitySupport java.lang.StringIndexOutOfBoundsException: length=7; index=7
10-28 11:09:43.986 E/HwModemCapability( 1407): isCapabilitySupport java.lang.StringIndexOutOfBoundsException: unknown reason
10-28 11:09:43.988 E/HwModemCapability( 1857): isCapabilitySupport java.lang.StringIndexOutOfBoundsException: length=7; index=7
10-28 11:09:43.988 E/HwModemCapability( 1407): isCapabilitySupport java.lang.StringIndexOutOfBoundsException: unknown reason
10-28 11:09:43.989 E/HwModemCapability( 4401): isCapabilitySupport java.lang.StringIndexOutOfBoundsException: length=7; index=7
10-28 11:09:43.990 E/HwModemCapability( 2396): isCapabilitySupport java.lang.StringIndexOutOfBoundsException: length=7; index=7
10-28 11:09:43.991 E/HwModemCapability( 2396): isCapabilitySupport java.lang.StringIndexOutOfBoundsException: length=7; index=7
10-28 11:09:43.994 E/HwModemCapability( 2396): isCapabilitySupport java.lang.StringIndexOutOfBoundsException: length=7; index=7
10-28 11:09:43.995 E/HwModemCapability( 2396): isCapabilitySupport java.lang.StringIndexOutOfBoundsException: length=7; index=7
10-28 11:09:43.996 E/HwModemCapability( 2396): isCapabilitySupport java.lang.StringIndexOutOfBoundsException: length=7; index=7
10-28 11:09:43.997 E/HwModemCapability( 2396): isCapabilitySupport java.lang.StringIndexOutOfBoundsException: length=7; index=7
10-28 11:09:43.999 E/HwModemCapability( 2396): isCapabilitySupport java.lang.StringIndexOutOfBoundsException: length=7; index=7
10-28 11:09:43.999 E/HwModemCapability( 2428): isCapabilitySupport java.lang.StringIndexOutOfBoundsException: length=7; index=7
10-28 11:09:44.000 E/HwModemCapability( 2396): isCapabilitySupport java.lang.StringIndexOutOfBoundsException: length=7; index=7
10-28 11:09:44.000 E/HwModemCapability( 2396): isCapabilitySupport java.lang.StringIndexOutOfBoundsException: length=7; index=7
10-28 11:09:44.000 E/HwModemCapability( 2396): isCapabilitySupport java.lang.StringIndexOutOfBoundsException: length=7; index=7
10-28 11:09:44.000 E/HwModemCapability( 2396): isCapabilitySupport java.lang.StringIndexOutOfBoundsException: length=7; index=7
10-28 11:09:44.000 E/HwModemCapability( 2428): isCapabilitySupport java.lang.StringIndexOutOfBoundsException: length=7; index=7
10-28 11:09:44.000 E/HwModemCapability( 2396): isCapabilitySupport java.lang.StringIndexOutOfBoundsException: length=7; index=7
10-28 11:09:44.000 E/HwModemCapability( 2396): isCapabilitySupport java.lang.StringIndexOutOfBoundsException: length=7; index=7
10-28 11:09:44.001 E/HwModemCapability( 2396): isCapabilitySupport java.lang.StringIndexOutOfBoundsException: length=7; index=7
10-28 11:09:44.001 E/HwModemCapability( 2396): isCapabilitySupport java.lang.StringIndexOutOfBoundsException: length=7; index=7
10-28 11:09:44.001 E/HwModemCapability( 2428): isCapabilitySupport java.lang.StringIndexOutOfBoundsException: length=7; index=7
10-28 11:09:44.001 E/HwModemCapability( 2396): isCapabilitySupport java.lang.StringIndexOutOfBoundsException: length=7; index=7
10-28 11:09:44.001 E/HwModemCapability( 2428): isCapabilitySupport java.lang.StringIndexOutOfBoundsException: length=7; index=7
10-28 11:09:44.001 E/HwModemCapability( 2396): isCapabilitySupport java.lang.StringIndexOutOfBoundsException: length=7; index=7
10-28 11:09:44.001 E/HwModemCapability( 2396): isCapabilitySupport java.lang.StringIndexOutOfBoundsException: length=7; index=7
10-28 11:09:44.001 E/HwModemCapability( 1857): isCapabilitySupport java.lang.StringIndexOutOfBoundsException: length=7; index=7
10-28 11:09:44.002 E/HwModemCapability( 1857): isCapabilitySupport java.lang.StringIndexOutOfBoundsException: length=7; index=7
10-28 11:09:44.012 E/HwModemCapability( 1857): isCapabilitySupport java.lang.StringIndexOutOfBoundsException: length=7; index=7
10-28 11:09:44.012 E/HwModemCapability( 2396): isCapabilitySupport java.lang.StringIndexOutOfBoundsException: length=7; index=7
10-28 11:09:44.014 E/HwModemCapability( 2396): isCapabilitySupport java.lang.StringIndexOutOfBoundsException: length=7; index=7
10-28 11:09:44.088 E/AwareLog(  814): iawared: change_property_content open /proc/sys/net/ipv4/netqos_limit fail errno(2)!
10-28 11:09:44.258 E/WifiHAL (  672): enter wifi_get_link_stats
10-28 11:09:44.263 E/WificondControl( 1407): Noise: 0, Snr: 0, Chload: -1
10-28 11:09:44.790 E/AwareLog(  814): iawared: change_property_content open /proc/sys/net/ipv4/netqos_limit fail errno(2)!
10-28 11:09:45.235 E/ResolverController(  605): No valid NAT64 prefix (117, <unspecified>/0)
10-28 11:09:45.319 E/ResolverController(  605): No valid NAT64 prefix (117, <unspecified>/0)
10-28 11:09:45.326 E/ResolverController(  605): No valid NAT64 prefix (117, <unspecified>/0)
10-28 11:09:45.527 E/Thermal-daemon(  801): [charger_ic] temp_new :35  temp_old :34
10-28 11:09:45.529 E/Thermal-daemon(  801): Report temperature: [charger_ic] temp :35  report_threshold:1
10-28 11:09:45.530 E/Thermal-daemon(  801): [pa_0] temp_new :35  temp_old :34
10-28 11:09:45.530 E/Thermal-daemon(  801): Report temperature: [pa_0] temp :35  report_threshold:1
10-28 11:09:45.531 E/Thermal-daemon(  801): [ap] temp_new :37  temp_old :36
10-28 11:09:45.531 E/Thermal-daemon(  801): Report temperature: [ap] temp :37  report_threshold:1
10-28 11:09:47.284 E/WifiHAL (  672): enter wifi_get_link_stats
10-28 11:09:47.296 E/WificondControl( 1407): Noise: 0, Snr: 0, Chload: -1
10-28 11:09:48.783 E/HwModemCapability( 2476): isCapabilitySupport java.lang.StringIndexOutOfBoundsException: length=7; index=7
10-28 11:09:48.790 E/HwModemCapability( 2172): isCapabilitySupport java.lang.StringIndexOutOfBoundsException: length=7; index=7
10-28 11:09:48.792 E/HwModemCapability( 1407): isCapabilitySupport java.lang.StringIndexOutOfBoundsException: unknown reason
10-28 11:09:48.794 E/HwModemCapability( 1407): isCapabilitySupport java.lang.StringIndexOutOfBoundsException: unknown reason
10-28 11:09:48.794 E/HwModemCapability( 2396): isCapabilitySupport java.lang.StringIndexOutOfBoundsException: length=7; index=7
10-28 11:09:48.799 E/HwModemCapability( 2396): isCapabilitySupport java.lang.StringIndexOutOfBoundsException: length=7; index=7
10-28 11:09:48.799 E/HwModemCapability( 4401): isCapabilitySupport java.lang.StringIndexOutOfBoundsException: length=7; index=7
10-28 11:09:48.799 E/HwModemCapability( 2396): isCapabilitySupport java.lang.StringIndexOutOfBoundsException: length=7; index=7
10-28 11:09:48.801 E/HwModemCapability( 2396): isCapabilitySupport java.lang.StringIndexOutOfBoundsException: length=7; index=7
10-28 11:09:48.801 E/HwModemCapability( 1857): isCapabilitySupport java.lang.StringIndexOutOfBoundsException: length=7; index=7
10-28 11:09:48.801 E/HwModemCapability( 2396): isCapabilitySupport java.lang.StringIndexOutOfBoundsException: length=7; index=7
10-28 11:09:48.802 E/HwModemCapability( 2396): isCapabilitySupport java.lang.StringIndexOutOfBoundsException: length=7; index=7
10-28 11:09:48.802 E/HwModemCapability( 1857): isCapabilitySupport java.lang.StringIndexOutOfBoundsException: length=7; index=7
10-28 11:09:48.802 E/HwModemCapability( 2396): isCapabilitySupport java.lang.StringIndexOutOfBoundsException: length=7; index=7
10-28 11:09:48.802 E/HwModemCapability( 1857): isCapabilitySupport java.lang.StringIndexOutOfBoundsException: length=7; index=7
10-28 11:09:48.802 E/HwModemCapability( 2396): isCapabilitySupport java.lang.StringIndexOutOfBoundsException: length=7; index=7
10-28 11:09:48.803 E/HwModemCapability( 2396): isCapabilitySupport java.lang.StringIndexOutOfBoundsException: length=7; index=7
10-28 11:09:48.814 E/HwModemCapability( 2428): isCapabilitySupport java.lang.StringIndexOutOfBoundsException: length=7; index=7
10-28 11:09:48.814 E/HwModemCapability( 2428): isCapabilitySupport java.lang.StringIndexOutOfBoundsException: length=7; index=7
10-28 11:09:48.817 E/HwModemCapability( 1857): isCapabilitySupport java.lang.StringIndexOutOfBoundsException: length=7; index=7
10-28 11:09:48.817 E/HwModemCapability( 2396): isCapabilitySupport java.lang.StringIndexOutOfBoundsException: length=7; index=7
10-28 11:09:48.819 E/HwModemCapability( 2396): isCapabilitySupport java.lang.StringIndexOutOfBoundsException: length=7; index=7
10-28 11:09:48.824 E/HwModemCapability( 1857): isCapabilitySupport java.lang.StringIndexOutOfBoundsException: length=7; index=7
10-28 11:09:49.225 E/WificondControl( 1407): Noise: 0, Snr: 0, Chload: -1
10-28 11:09:49.339 E/FingerSense.Classification( 1407): FingerSense returning [006]
10-28 11:09:49.982 E/HwModemCapability( 2476): isCapabilitySupport java.lang.StringIndexOutOfBoundsException: length=7; index=7
10-28 11:09:49.995 E/HwModemCapability( 2172): isCapabilitySupport java.lang.StringIndexOutOfBoundsException: length=7; index=7
10-28 11:09:49.998 E/HwModemCapability( 1857): isCapabilitySupport java.lang.StringIndexOutOfBoundsException: length=7; index=7
10-28 11:09:50.000 E/HwModemCapability( 2396): isCapabilitySupport java.lang.StringIndexOutOfBoundsException: length=7; index=7
10-28 11:09:50.001 E/HwModemCapability( 4401): isCapabilitySupport java.lang.StringIndexOutOfBoundsException: length=7; index=7
10-28 11:09:50.003 E/HwModemCapability( 2396): isCapabilitySupport java.lang.StringIndexOutOfBoundsException: length=7; index=7
10-28 11:09:50.004 E/HwModemCapability( 2396): isCapabilitySupport java.lang.StringIndexOutOfBoundsException: length=7; index=7
10-28 11:09:50.004 E/HwModemCapability( 1857): isCapabilitySupport java.lang.StringIndexOutOfBoundsException: length=7; index=7
10-28 11:09:50.004 E/HwModemCapability( 2396): isCapabilitySupport java.lang.StringIndexOutOfBoundsException: length=7; index=7
10-28 11:09:50.004 E/HwModemCapability( 1857): isCapabilitySupport java.lang.StringIndexOutOfBoundsException: length=7; index=7
10-28 11:09:50.005 E/HwModemCapability( 2396): isCapabilitySupport java.lang.StringIndexOutOfBoundsException: length=7; index=7
10-28 11:09:50.005 E/HwModemCapability( 2396): isCapabilitySupport java.lang.StringIndexOutOfBoundsException: length=7; index=7
10-28 11:09:50.005 E/HwModemCapability( 1407): isCapabilitySupport java.lang.StringIndexOutOfBoundsException: unknown reason
10-28 11:09:50.005 E/HwModemCapability( 2396): isCapabilitySupport java.lang.StringIndexOutOfBoundsException: length=7; index=7
10-28 11:09:50.006 E/HwModemCapability( 2396): isCapabilitySupport java.lang.StringIndexOutOfBoundsException: length=7; index=7
10-28 11:09:50.006 E/HwModemCapability( 1407): isCapabilitySupport java.lang.StringIndexOutOfBoundsException: unknown reason
10-28 11:09:50.006 E/HwModemCapability( 2396): isCapabilitySupport java.lang.StringIndexOutOfBoundsException: length=7; index=7
10-28 11:09:50.016 E/HwModemCapability( 2396): isCapabilitySupport java.lang.StringIndexOutOfBoundsException: length=7; index=7
10-28 11:09:50.017 E/HwModemCapability( 2428): isCapabilitySupport java.lang.StringIndexOutOfBoundsException: length=7; index=7
10-28 11:09:50.017 E/HwModemCapability( 2428): isCapabilitySupport java.lang.StringIndexOutOfBoundsException: length=7; index=7
10-28 11:09:50.030 E/HwModemCapability( 1857): isCapabilitySupport java.lang.StringIndexOutOfBoundsException: length=7; index=7
10-28 11:09:50.034 E/HwModemCapability( 2428): isCapabilitySupport java.lang.StringIndexOutOfBoundsException: length=7; index=7
10-28 11:09:50.035 E/HwModemCapability( 2428): isCapabilitySupport java.lang.StringIndexOutOfBoundsException: length=7; index=7
10-28 11:09:50.049 E/HwModemCapability( 2396): isCapabilitySupport java.lang.StringIndexOutOfBoundsException: length=7; index=7
10-28 11:09:50.054 E/HwModemCapability( 2396): isCapabilitySupport java.lang.StringIndexOutOfBoundsException: length=7; index=7
10-28 11:09:50.057 E/HwModemCapability( 2396): isCapabilitySupport java.lang.StringIndexOutOfBoundsException: length=7; index=7
10-28 11:09:50.057 E/HwModemCapability( 2396): isCapabilitySupport java.lang.StringIndexOutOfBoundsException: length=7; index=7
10-28 11:09:50.057 E/HwModemCapability( 2396): isCapabilitySupport java.lang.StringIndexOutOfBoundsException: length=7; index=7
10-28 11:09:50.057 E/HwModemCapability( 2396): isCapabilitySupport java.lang.StringIndexOutOfBoundsException: length=7; index=7
10-28 11:09:50.057 E/HwModemCapability( 2396): isCapabilitySupport java.lang.StringIndexOutOfBoundsException: length=7; index=7
10-28 11:09:50.058 E/HwModemCapability( 2396): isCapabilitySupport java.lang.StringIndexOutOfBoundsException: length=7; index=7
10-28 11:09:50.316 E/WifiHAL (  672): enter wifi_get_link_stats
10-28 11:09:50.321 E/WificondControl( 1407): Noise: 0, Snr: 0, Chload: -1
10-28 11:09:50.533 E/Thermal-daemon(  801): [charger_ic] temp_new :34  temp_old :35
10-28 11:09:50.534 E/Thermal-daemon(  801): Report temperature: [charger_ic] temp :34  report_threshold:1
10-28 11:09:50.535 E/Thermal-daemon(  801): [ap] temp_new :36  temp_old :37
10-28 11:09:50.536 E/Thermal-daemon(  801): Report temperature: [ap] temp :36  report_threshold:1
10-28 11:09:52.490 E/ResolverController(  605): No valid NAT64 prefix (117, <unspecified>/0)
10-28 11:09:53.337 E/WifiHAL (  672): enter wifi_get_link_stats
10-28 11:09:53.342 E/WificondControl( 1407): Noise: 0, Snr: 0, Chload: -1
10-28 11:09:53.571 E/WifiService( 1407): enforceCanAccessScanResults: hiding ssid and bssidUID 10344 has no location permission
10-28 11:09:53.950 E/AppInfoMgr( 2172): not find pkgs by uid: 0
10-28 11:09:53.951 E/AppInfoMgr( 2172): not find pkgs by uid: 1051
10-28 11:09:54.422 E/AwareLog( 1407): AppHiber_Mgr:  mInputStream write failed happend IOException!
10-28 11:09:54.790 E/HwModemCapability( 2476): isCapabilitySupport java.lang.StringIndexOutOfBoundsException: length=7; index=7
10-28 11:09:54.798 E/HwModemCapability( 2172): isCapabilitySupport java.lang.StringIndexOutOfBoundsException: length=7; index=7
10-28 11:09:54.799 E/HwModemCapability( 1857): isCapabilitySupport java.lang.StringIndexOutOfBoundsException: length=7; index=7
10-28 11:09:54.800 E/HwModemCapability( 4401): isCapabilitySupport java.lang.StringIndexOutOfBoundsException: length=7; index=7
10-28 11:09:54.801 E/HwModemCapability( 1407): isCapabilitySupport java.lang.StringIndexOutOfBoundsException: unknown reason
10-28 11:09:54.801 E/HwModemCapability( 2396): isCapabilitySupport java.lang.StringIndexOutOfBoundsException: length=7; index=7
10-28 11:09:54.802 E/HwModemCapability( 2396): isCapabilitySupport java.lang.StringIndexOutOfBoundsException: length=7; index=7
10-28 11:09:54.802 E/HwModemCapability( 1407): isCapabilitySupport java.lang.StringIndexOutOfBoundsException: unknown reason
10-28 11:09:54.802 E/HwModemCapability( 2396): isCapabilitySupport java.lang.StringIndexOutOfBoundsException: length=7; index=7
10-28 11:09:54.802 E/HwModemCapability( 2396): isCapabilitySupport java.lang.StringIndexOutOfBoundsException: length=7; index=7
10-28 11:09:54.804 E/HwModemCapability( 2396): isCapabilitySupport java.lang.StringIndexOutOfBoundsException: length=7; index=7
10-28 11:09:54.804 E/HwModemCapability( 2396): isCapabilitySupport java.lang.StringIndexOutOfBoundsException: length=7; index=7
10-28 11:09:54.804 E/HwModemCapability( 2396): isCapabilitySupport java.lang.StringIndexOutOfBoundsException: length=7; index=7
10-28 11:09:54.806 E/HwModemCapability( 2396): isCapabilitySupport java.lang.StringIndexOutOfBoundsException: length=7; index=7
10-28 11:09:54.807 E/HwModemCapability( 1857): isCapabilitySupport java.lang.StringIndexOutOfBoundsException: length=7; index=7
10-28 11:09:54.810 E/HwModemCapability( 1857): isCapabilitySupport java.lang.StringIndexOutOfBoundsException: length=7; index=7
10-28 11:09:54.817 E/HwModemCapability( 2428): isCapabilitySupport java.lang.StringIndexOutOfBoundsException: length=7; index=7
10-28 11:09:54.817 E/HwModemCapability( 2428): isCapabilitySupport java.lang.StringIndexOutOfBoundsException: length=7; index=7
10-28 11:09:54.822 E/HwModemCapability( 2396): isCapabilitySupport java.lang.StringIndexOutOfBoundsException: length=7; index=7
10-28 11:09:54.822 E/HwModemCapability( 1857): isCapabilitySupport java.lang.StringIndexOutOfBoundsException: length=7; index=7
10-28 11:09:54.822 E/HwModemCapability( 2396): isCapabilitySupport java.lang.StringIndexOutOfBoundsException: length=7; index=7
10-28 11:09:54.827 E/HwModemCapability( 2396): isCapabilitySupport java.lang.StringIndexOutOfBoundsException: length=7; index=7
10-28 11:09:54.828 E/HwModemCapability( 1857): isCapabilitySupport java.lang.StringIndexOutOfBoundsException: length=7; index=7
10-28 11:09:55.011 E/SurfaceFlinger(  684): refreshneed false
10-28 11:09:55.995 E/HwModemCapability( 2476): isCapabilitySupport java.lang.StringIndexOutOfBoundsException: length=7; index=7
10-28 11:09:56.002 E/HwModemCapability( 2172): isCapabilitySupport java.lang.StringIndexOutOfBoundsException: length=7; index=7
10-28 11:09:56.004 E/HwModemCapability( 1407): isCapabilitySupport java.lang.StringIndexOutOfBoundsException: unknown reason
10-28 11:09:56.005 E/HwModemCapability( 2396): isCapabilitySupport java.lang.StringIndexOutOfBoundsException: length=7; index=7
10-28 11:09:56.005 E/HwModemCapability( 2396): isCapabilitySupport java.lang.StringIndexOutOfBoundsException: length=7; index=7
10-28 11:09:56.005 E/HwModemCapability( 2396): isCapabilitySupport java.lang.StringIndexOutOfBoundsException: length=7; index=7
10-28 11:09:56.007 E/HwModemCapability( 2396): isCapabilitySupport java.lang.StringIndexOutOfBoundsException: length=7; index=7
10-28 11:09:56.007 E/HwModemCapability( 4401): isCapabilitySupport java.lang.StringIndexOutOfBoundsException: length=7; index=7
10-28 11:09:56.007 E/HwModemCapability( 2396): isCapabilitySupport java.lang.StringIndexOutOfBoundsException: length=7; index=7
10-28 11:09:56.009 E/HwModemCapability( 1407): isCapabilitySupport java.lang.StringIndexOutOfBoundsException: unknown reason
10-28 11:09:56.010 E/HwModemCapability( 1857): isCapabilitySupport java.lang.StringIndexOutOfBoundsException: length=7; index=7
10-28 11:09:56.010 E/HwModemCapability( 1857): isCapabilitySupport java.lang.StringIndexOutOfBoundsException: length=7; index=7
10-28 11:09:56.011 E/HwModemCapability( 2396): isCapabilitySupport java.lang.StringIndexOutOfBoundsException: length=7; index=7
10-28 11:09:56.012 E/HwModemCapability( 2396): isCapabilitySupport java.lang.StringIndexOutOfBoundsException: length=7; index=7
10-28 11:09:56.012 E/HwModemCapability( 2428): isCapabilitySupport java.lang.StringIndexOutOfBoundsException: length=7; index=7
10-28 11:09:56.012 E/HwModemCapability( 2396): isCapabilitySupport java.lang.StringIndexOutOfBoundsException: length=7; index=7
10-28 11:09:56.012 E/HwModemCapability( 2396): isCapabilitySupport java.lang.StringIndexOutOfBoundsException: length=7; index=7
10-28 11:09:56.012 E/HwModemCapability( 2428): isCapabilitySupport java.lang.StringIndexOutOfBoundsException: length=7; index=7
10-28 11:09:56.012 E/HwModemCapability( 2396): isCapabilitySupport java.lang.StringIndexOutOfBoundsException: length=7; index=7
10-28 11:09:56.012 E/HwModemCapability( 2396): isCapabilitySupport java.lang.StringIndexOutOfBoundsException: length=7; index=7
10-28 11:09:56.012 E/HwModemCapability( 2396): isCapabilitySupport java.lang.StringIndexOutOfBoundsException: length=7; index=7
10-28 11:09:56.013 E/HwModemCapability( 2396): isCapabilitySupport java.lang.StringIndexOutOfBoundsException: length=7; index=7
10-28 11:09:56.019 E/HwModemCapability( 2428): isCapabilitySupport java.lang.StringIndexOutOfBoundsException: length=7; index=7
10-28 11:09:56.019 E/HwModemCapability( 2428): isCapabilitySupport java.lang.StringIndexOutOfBoundsException: length=7; index=7
10-28 11:09:56.027 E/HwModemCapability( 1857): isCapabilitySupport java.lang.StringIndexOutOfBoundsException: length=7; index=7
10-28 11:09:56.033 E/HwModemCapability( 2396): isCapabilitySupport java.lang.StringIndexOutOfBoundsException: length=7; index=7
10-28 11:09:56.035 E/HwModemCapability( 2396): isCapabilitySupport java.lang.StringIndexOutOfBoundsException: length=7; index=7
10-28 11:09:56.360 E/WifiHAL (  672): enter wifi_get_link_stats
10-28 11:09:56.373 E/WificondControl( 1407): Noise: 0, Snr: 0, Chload: -1
10-28 11:09:57.229 E/WificondControl( 1407): Noise: 0, Snr: 0, Chload: -1
10-28 11:09:58.985 E/AppInfoMgr( 2172): not find pkgs by uid: 0
10-28 11:09:59.391 E/WifiHAL (  672): enter wifi_get_link_stats
10-28 11:09:59.398 E/WificondControl( 1407): Noise: 0, Snr: 0, Chload: -1
10-28 11:10:00.044 E/DateView( 1857): DateView,mCurrentTime: 1603854600044
10-28 11:10:00.105 E/ndroid.systemu( 1857): No package ID ff found for ID 0xffffffff.
10-28 11:10:00.106 E/ndroid.systemu( 1857): No package ID ff found for ID 0xffffffff.
10-28 11:10:02.003 E/HwModemCapability( 2476): isCapabilitySupport java.lang.StringIndexOutOfBoundsException: length=7; index=7
10-28 11:10:02.015 E/HwModemCapability( 2172): isCapabilitySupport java.lang.StringIndexOutOfBoundsException: length=7; index=7
10-28 11:10:02.017 E/HwModemCapability( 1407): isCapabilitySupport java.lang.StringIndexOutOfBoundsException: unknown reason
10-28 11:10:02.018 E/HwModemCapability( 4401): isCapabilitySupport java.lang.StringIndexOutOfBoundsException: length=7; index=7
10-28 11:10:02.020 E/HwModemCapability( 2396): isCapabilitySupport java.lang.StringIndexOutOfBoundsException: length=7; index=7
10-28 11:10:02.025 E/HwModemCapability( 1857): isCapabilitySupport java.lang.StringIndexOutOfBoundsException: length=7; index=7
10-28 11:10:02.028 E/HwModemCapability( 1857): isCapabilitySupport java.lang.StringIndexOutOfBoundsException: length=7; index=7
10-28 11:10:02.028 E/HwModemCapability( 1407): isCapabilitySupport java.lang.StringIndexOutOfBoundsException: unknown reason
10-28 11:10:02.032 E/HwModemCapability( 2396): isCapabilitySupport java.lang.StringIndexOutOfBoundsException: length=7; index=7
10-28 11:10:02.040 E/HwModemCapability( 2396): isCapabilitySupport java.lang.StringIndexOutOfBoundsException: length=7; index=7
10-28 11:10:02.043 E/HwModemCapability( 2428): isCapabilitySupport java.lang.StringIndexOutOfBoundsException: length=7; index=7
10-28 11:10:02.044 E/HwModemCapability( 2428): isCapabilitySupport java.lang.StringIndexOutOfBoundsException: length=7; index=7
10-28 11:10:02.050 E/HwModemCapability( 1857): isCapabilitySupport java.lang.StringIndexOutOfBoundsException: length=7; index=7
10-28 11:10:02.052 E/HwModemCapability( 2428): isCapabilitySupport java.lang.StringIndexOutOfBoundsException: length=7; index=7
10-28 11:10:02.052 E/HwModemCapability( 2428): isCapabilitySupport java.lang.StringIndexOutOfBoundsException: length=7; index=7
10-28 11:10:02.058 E/HwModemCapability( 2396): isCapabilitySupport java.lang.StringIndexOutOfBoundsException: length=7; index=7
10-28 11:10:02.060 E/HwModemCapability( 2396): isCapabilitySupport java.lang.StringIndexOutOfBoundsException: length=7; index=7
10-28 11:10:02.382 E/ScanRecord(23261): unable to parse scan record: [30, 5, 18, -94, 77, 46, -2, 20, 72, -114, -109, -46, 23, 60, -3, 2, 48, -128, -8, 31, 121, -23, -36, 21, -111, 60, 64, 0, 0, 0, 0]
10-28 11:10:02.416 E/WifiHAL (  672): enter wifi_get_link_stats
10-28 11:10:02.429 E/WificondControl( 1407): Noise: 0, Snr: 0, Chload: -1
10-28 11:10:02.978 E/ScanRecord(23261): unable to parse scan record: [30, 5, 18, -94, 77, 46, -2, 20, 72, -114, -109, -46, 23, 60, -3, 2, 48, -128, -8, 31, 121, -23, -36, 21, -111, 60, 64, 0, 0, 0, 0]
10-28 11:10:03.588 E/WifiService( 1407): enforceCanAccessScanResults: hiding ssid and bssidUID 10344 has no location permission
10-28 11:10:03.642 E/WakeLock( 2321): GCM_HB_ALARM release without a matched acquire!
10-28 11:10:03.666 E/ResolverController(  605): No valid NAT64 prefix (117, <unspecified>/0)
10-28 11:10:04.023 E/AppInfoMgr( 2172): not find pkgs by uid: 1051
10-28 11:10:04.793 E/ScanRecord(23261): unable to parse scan record: [30, 5, 18, -94, 77, 46, -2, 20, 72, -114, -109, -46, 23, 60, -3, 2, 48, -128, -8, 31, 121, -23, -36, 21, -111, 60, 64, 0, 0, 0, 0]
10-28 11:10:05.240 E/WificondControl( 1407): Noise: 0, Snr: 0, Chload: -1
10-28 11:10:05.257 E/ResolverController(  605): No valid NAT64 prefix (117, <unspecified>/0)
10-28 11:10:05.445 E/WifiHAL (  672): enter wifi_get_link_stats
10-28 11:10:05.449 E/AwareLog(  814): iawared: change_property_content open /proc/sys/net/ipv4/netqos_limit fail errno(2)!
10-28 11:10:05.450 E/WificondControl( 1407): Noise: 0, Snr: 0, Chload: -1
10-28 11:10:05.544 E/Thermal-daemon(  801): [charger_ic] temp_new :35  temp_old :34
10-28 11:10:05.545 E/Thermal-daemon(  801): Report temperature: [charger_ic] temp :35  report_threshold:1
10-28 11:10:06.959 E/ResolverController(  605): No valid NAT64 prefix (117, <unspecified>/0)
10-28 11:10:06.966 E/ResolverController(  605): No valid NAT64 prefix (117, <unspecified>/0)
10-28 11:10:08.016 E/HwModemCapability( 2476): isCapabilitySupport java.lang.StringIndexOutOfBoundsException: length=7; index=7
10-28 11:10:08.028 E/HwModemCapability( 2172): isCapabilitySupport java.lang.StringIndexOutOfBoundsException: length=7; index=7
10-28 11:10:08.031 E/HwModemCapability( 1407): isCapabilitySupport java.lang.StringIndexOutOfBoundsException: unknown reason
10-28 11:10:08.033 E/HwModemCapability( 2396): isCapabilitySupport java.lang.StringIndexOutOfBoundsException: length=7; index=7
10-28 11:10:08.035 E/HwModemCapability( 2396): isCapabilitySupport java.lang.StringIndexOutOfBoundsException: length=7; index=7
10-28 11:10:08.038 E/HwModemCapability( 2396): isCapabilitySupport java.lang.StringIndexOutOfBoundsException: length=7; index=7
10-28 11:10:08.038 E/HwModemCapability( 4401): isCapabilitySupport java.lang.StringIndexOutOfBoundsException: length=7; index=7
10-28 11:10:08.038 E/HwModemCapability( 1407): isCapabilitySupport java.lang.StringIndexOutOfBoundsException: unknown reason
10-28 11:10:08.038 E/HwModemCapability( 2396): isCapabilitySupport java.lang.StringIndexOutOfBoundsException: length=7; index=7
10-28 11:10:08.040 E/HwModemCapability( 2396): isCapabilitySupport java.lang.StringIndexOutOfBoundsException: length=7; index=7
