--------- beginning of system
--------- beginning of main
10-28 11:08:46.108 E/ScanRecord(23261): unable to parse scan record: [30, 5, 18, -94, 77, 46, -2, 20, 72, -114, -109, -46, 23, 60, -3, 2, 48, -128, -8, 31, 121, -23, -36, 21, -111, 60, 64, 0, 0, 0, 0]
10-28 11:08:46.408 E/WifiService( 1407): enforceCanAccessScanResults: hiding ssid and bssidUID 10344 has no location permission
10-28 11:08:46.660 E/WifiHAL (  672): enter wifi_get_link_stats
10-28 11:08:46.669 E/WificondControl( 1407): Noise: 0, Snr: 0, Chload: -1
10-28 11:08:47.425 E/ScanRecord(23261): unable to parse scan record: [30, 5, 18, -94, 77, 46, -2, 20, 72, -114, -109, -46, 23, 60, -3, 2, 48, -128, -8, 31, 121, -23, -36, 21, -111, 60, 64, 0, 0, 0, 0]
10-28 11:08:48.819 E/DeviceStatusController( 5119): CAWARENESS: executeStatusSensorCallback() containsKey(deviceStatus) is false
10-28 11:08:48.819 E/DeviceStatusController( 5119): CAWARENESS: executeSensorCallback() containsKey(deviceStatus) is false
10-28 11:08:48.820 E/ARMoudle.ARService( 2428): activityChangedCallBack for msdp
10-28 11:08:48.826 E/SwingDetection( 5119): CAWARENESS: dealMovementStatusChangedEvent() mSwingListener == null
10-28 11:08:48.830 E/EventManager( 5119): CAWARENESS: postEvent() awarenessListener == null
10-28 11:08:49.694 E/WifiHAL (  672): enter wifi_get_link_stats
10-28 11:08:49.702 E/WificondControl( 1407): Noise: 0, Snr: 0, Chload: -1
10-28 11:08:49.772 E/HwModemCapability( 2476): isCapabilitySupport java.lang.StringIndexOutOfBoundsException: length=7; index=7
10-28 11:08:49.780 E/HwModemCapability( 1857): isCapabilitySupport java.lang.StringIndexOutOfBoundsException: length=7; index=7
10-28 11:08:49.781 E/HwModemCapability( 1857): isCapabilitySupport java.lang.StringIndexOutOfBoundsException: length=7; index=7
10-28 11:08:49.781 E/HwModemCapability( 1407): isCapabilitySupport java.lang.StringIndexOutOfBoundsException: unknown reason
10-28 11:08:49.782 E/HwModemCapability( 2396): isCapabilitySupport java.lang.StringIndexOutOfBoundsException: length=7; index=7
10-28 11:08:49.782 E/HwModemCapability( 1407): isCapabilitySupport java.lang.StringIndexOutOfBoundsException: unknown reason
10-28 11:08:49.782 E/HwModemCapability( 2172): isCapabilitySupport java.lang.StringIndexOutOfBoundsException: length=7; index=7
10-28 11:08:49.783 E/HwModemCapability( 2396): isCapabilitySupport java.lang.StringIndexOutOfBoundsException: length=7; index=7
10-28 11:08:49.784 E/HwModemCapability( 2396): isCapabilitySupport java.lang.StringIndexOutOfBoundsException: length=7; index=7
10-28 11:08:49.784 E/HwModemCapability( 2396): isCapabilitySupport java.lang.StringIndexOutOfBoundsException: length=7; index=7
10-28 11:08:49.786 E/HwModemCapability( 2396): isCapabilitySupport java.lang.StringIndexOutOfBoundsException: length=7; index=7
10-28 11:08:49.787 E/HwModemCapability( 2396): isCapabilitySupport java.lang.StringIndexOutOfBoundsException: length=7; index=7
10-28 11:08:49.788 E/HwModemCapability( 4401): isCapabilitySupport java.lang.StringIndexOutOfBoundsException: length=7; index=7
10-28 11:08:49.788 E/HwModemCapability( 2396): isCapabilitySupport java.lang.StringIndexOutOfBoundsException: length=7; index=7
10-28 11:08:49.788 E/HwModemCapability( 2396): isCapabilitySupport java.lang.StringIndexOutOfBoundsException: length=7; index=7
10-28 11:08:49.792 E/HwModemCapability( 2396): isCapabilitySupport java.lang.StringIndexOutOfBoundsException: length=7; index=7
10-28 11:08:49.797 E/HwModemCapability( 2428): isCapabilitySupport java.lang.StringIndexOutOfBoundsException: length=7; index=7
10-28 11:08:49.797 E/HwModemCapability( 1857): isCapabilitySupport java.lang.StringIndexOutOfBoundsException: length=7; index=7
10-28 11:08:49.797 E/HwModemCapability( 2428): isCapabilitySupport java.lang.StringIndexOutOfBoundsException: length=7; index=7
10-28 11:08:49.801 E/HwModemCapability( 1857): isCapabilitySupport java.lang.StringIndexOutOfBoundsException: length=7; index=7
10-28 11:08:49.802 E/HwModemCapability( 2396): isCapabilitySupport java.lang.StringIndexOutOfBoundsException: length=7; index=7
10-28 11:08:49.804 E/HwModemCapability( 2396): isCapabilitySupport java.lang.StringIndexOutOfBoundsException: length=7; index=7
10-28 11:08:52.726 E/WifiHAL (  672): enter wifi_get_link_stats
10-28 11:08:52.734 E/WificondControl( 1407): Noise: 0, Snr: 0, Chload: -1
10-28 11:08:53.164 E/WificondControl( 1407): Noise: 0, Snr: 0, Chload: -1
10-28 11:08:53.466 E/WifiService( 1407): enforceCanAccessScanResults: hiding ssid and bssidUID 10344 has no location permission
10-28 11:08:55.190 E/HwModemCapability( 2476): isCapabilitySupport java.lang.StringIndexOutOfBoundsException: length=7; index=7
10-28 11:08:55.262 E/HwModemCapability( 2476): isCapabilitySupport java.lang.StringIndexOutOfBoundsException: length=7; index=7
10-28 11:08:55.292 E/HwModemCapability( 1857): isCapabilitySupport java.lang.StringIndexOutOfBoundsException: length=7; index=7
10-28 11:08:55.330 E/RMS.HwSysResManagerService( 1407): Process Permission error! pid:2476 uid:1001 Process.myPid:1407
10-28 11:08:55.352 E/Mms_TXM_SVC(11689): isSecondaryUser() start 
10-28 11:08:55.352 E/Mms_TXM_SVC(11689): isSecondaryUser() end 
10-28 11:08:55.352 E/Mms_TXM_SVC(11689): removeCallbacksAndMessages start 
10-28 11:08:55.352 E/Mms_TXM_SVC(11689): removeCallbacksAndMessages end 
10-28 11:08:55.352 E/Mms_TXM_SVC(11689): startService end 
10-28 11:08:55.407 E/RMS.HwSysResManagerService( 1407): Process Permission error! pid:2476 uid:1001 Process.myPid:1407
10-28 11:08:55.757 E/WifiHAL (  672): enter wifi_get_link_stats
10-28 11:08:55.767 E/WificondControl( 1407): Noise: 0, Snr: 0, Chload: -1
10-28 11:08:55.778 E/HwModemCapability( 2476): isCapabilitySupport java.lang.StringIndexOutOfBoundsException: length=7; index=7
10-28 11:08:55.792 E/HwModemCapability( 2396): isCapabilitySupport java.lang.StringIndexOutOfBoundsException: length=7; index=7
10-28 11:08:55.794 E/HwModemCapability( 1407): isCapabilitySupport java.lang.StringIndexOutOfBoundsException: unknown reason
10-28 11:08:55.795 E/HwModemCapability( 4401): isCapabilitySupport java.lang.StringIndexOutOfBoundsException: length=7; index=7
10-28 11:08:55.796 E/HwModemCapability( 2396): isCapabilitySupport java.lang.StringIndexOutOfBoundsException: length=7; index=7
10-28 11:08:55.798 E/HwModemCapability( 2396): isCapabilitySupport java.lang.StringIndexOutOfBoundsException: length=7; index=7
10-28 11:08:55.798 E/HwModemCapability( 1857): isCapabilitySupport java.lang.StringIndexOutOfBoundsException: length=7; index=7
10-28 11:08:55.799 E/HwModemCapability( 1857): isCapabilitySupport java.lang.StringIndexOutOfBoundsException: length=7; index=7
10-28 11:08:55.799 E/HwModemCapability( 2172): isCapabilitySupport java.lang.StringIndexOutOfBoundsException: length=7; index=7
10-28 11:08:55.799 E/HwModemCapability( 1857): isCapabilitySupport java.lang.StringIndexOutOfBoundsException: length=7; index=7
10-28 11:08:55.800 E/HwModemCapability( 2396): isCapabilitySupport java.lang.StringIndexOutOfBoundsException: length=7; index=7
10-28 11:08:55.801 E/HwModemCapability( 2396): isCapabilitySupport java.lang.StringIndexOutOfBoundsException: length=7; index=7
10-28 11:08:55.801 E/HwModemCapability( 2396): isCapabilitySupport java.lang.StringIndexOutOfBoundsException: length=7; index=7
10-28 11:08:55.806 E/HwModemCapability( 1407): isCapabilitySupport java.lang.StringIndexOutOfBoundsException: unknown reason
10-28 11:08:55.810 E/HwModemCapability( 2396): isCapabilitySupport java.lang.StringIndexOutOfBoundsException: length=7; index=7
10-28 11:08:55.810 E/HwModemCapability( 1857): isCapabilitySupport java.lang.StringIndexOutOfBoundsException: length=7; index=7
10-28 11:08:55.818 E/HwModemCapability( 2428): isCapabilitySupport java.lang.StringIndexOutOfBoundsException: length=7; index=7
10-28 11:08:55.818 E/HwModemCapability( 1857): isCapabilitySupport java.lang.StringIndexOutOfBoundsException: length=7; index=7
10-28 11:08:55.819 E/HwModemCapability( 2428): isCapabilitySupport java.lang.StringIndexOutOfBoundsException: length=7; index=7
10-28 11:08:55.824 E/HwModemCapability( 2396): isCapabilitySupport java.lang.StringIndexOutOfBoundsException: length=7; index=7
10-28 11:08:55.826 E/HwModemCapability( 2396): isCapabilitySupport java.lang.StringIndexOutOfBoundsException: length=7; index=7
10-28 11:08:56.416 E/WifiService( 1407): enforceCanAccessScanResults: hiding ssid and bssidUID 10344 has no location permission
10-28 11:08:58.796 E/WifiHAL (  672): enter wifi_get_link_stats
10-28 11:08:58.810 E/WificondControl( 1407): Noise: 0, Snr: 0, Chload: -1
10-28 11:08:58.819 E/DeviceStatusController( 5119): CAWARENESS: executeStatusSensorCallback() containsKey(deviceStatus) is false
10-28 11:08:58.819 E/DeviceStatusController( 5119): CAWARENESS: executeSensorCallback() containsKey(deviceStatus) is false
10-28 11:08:58.821 E/ARMoudle.ARService( 2428): activityChangedCallBack for msdp
10-28 11:08:58.828 E/SwingDetection( 5119): CAWARENESS: dealMovementStatusChangedEvent() mSwingListener == null
10-28 11:08:58.837 E/EventManager( 5119): CAWARENESS: postEvent() awarenessListener == null
10-28 11:08:59.732 E/OCTTY   ( 1422): [main:349] install already set to 
10-28 11:08:59.732 E/OCTTY   ( 1422): 
10-28 11:08:59.836 E/OCTTY   ( 1422): [main:349] install already set to 
10-28 11:08:59.836 E/OCTTY   ( 1422): 
10-28 11:08:59.908 E/ScanRecord(23261): unable to parse scan record: [30, 5, 18, -94, 77, 46, -2, 20, 72, -114, -109, -46, 23, 60, -3, 2, 48, -128, -8, 31, 121, -23, -36, 21, -111, 60, 64, 0, 0, 0, 0]
10-28 11:09:00.043 E/DateView( 1857): DateView,mCurrentTime: 1603854540043
10-28 11:09:00.097 E/ndroid.systemu( 1857): No package ID ff found for ID 0xffffffff.
10-28 11:09:00.098 E/ndroid.systemu( 1857): No package ID ff found for ID 0xffffffff.
10-28 11:09:01.068 E/WifiService( 1407): enforceCanAccessScanResults: hiding ssid and bssidUID 10148 has no location permission
10-28 11:09:01.104 E/WifiService( 1407): enforceCanAccessScanResults: hiding ssid and bssidUID 10148 has no location permission
10-28 11:09:01.128 E/WifiService( 1407): enforceCanAccessScanResults: hiding ssid and bssidUID 10148 has no location permission
10-28 11:09:01.132 E/WifiService( 1407): enforceCanAccessScanResults: hiding ssid and bssidUID 10148 has no location permission
10-28 11:09:01.136 E/WifiService( 1407): enforceCanAccessScanResults: hiding ssid and bssidUID 10148 has no location permission
10-28 11:09:01.145 E/WifiService( 1407): enforceCanAccessScanResults: hiding ssid and bssidUID 10148 has no location permission
10-28 11:09:01.174 E/WificondControl( 1407): Noise: 0, Snr: 0, Chload: -1
10-28 11:09:01.788 E/HwModemCapability( 2476): isCapabilitySupport java.lang.StringIndexOutOfBoundsException: length=7; index=7
10-28 11:09:01.795 E/HwModemCapability( 2172): isCapabilitySupport java.lang.StringIndexOutOfBoundsException: length=7; index=7
10-28 11:09:01.798 E/HwModemCapability( 1407): isCapabilitySupport java.lang.StringIndexOutOfBoundsException: unknown reason
10-28 11:09:01.799 E/HwModemCapability( 2396): isCapabilitySupport java.lang.StringIndexOutOfBoundsException: length=7; index=7
10-28 11:09:01.801 E/HwModemCapability( 2396): isCapabilitySupport java.lang.StringIndexOutOfBoundsException: length=7; index=7
10-28 11:09:01.801 E/HwModemCapability( 2396): isCapabilitySupport java.lang.StringIndexOutOfBoundsException: length=7; index=7
10-28 11:09:01.803 E/HwModemCapability( 2396): isCapabilitySupport java.lang.StringIndexOutOfBoundsException: length=7; index=7
10-28 11:09:01.803 E/HwModemCapability( 1407): isCapabilitySupport java.lang.StringIndexOutOfBoundsException: unknown reason
10-28 11:09:01.803 E/HwModemCapability( 2396): isCapabilitySupport java.lang.StringIndexOutOfBoundsException: length=7; index=7
10-28 11:09:01.804 E/HwModemCapability( 2396): isCapabilitySupport java.lang.StringIndexOutOfBoundsException: length=7; index=7
10-28 11:09:01.804 E/HwModemCapability( 1857): isCapabilitySupport java.lang.StringIndexOutOfBoundsException: length=7; index=7
10-28 11:09:01.804 E/HwModemCapability( 2396): isCapabilitySupport java.lang.StringIndexOutOfBoundsException: length=7; index=7
10-28 11:09:01.804 E/HwModemCapability( 2396): isCapabilitySupport java.lang.StringIndexOutOfBoundsException: length=7; index=7
10-28 11:09:01.804 E/HwModemCapability( 1857): isCapabilitySupport java.lang.StringIndexOutOfBoundsException: length=7; index=7
10-28 11:09:01.804 E/HwModemCapability( 2396): isCapabilitySupport java.lang.StringIndexOutOfBoundsException: length=7; index=7
10-28 11:09:01.804 E/HwModemCapability( 1857): isCapabilitySupport java.lang.StringIndexOutOfBoundsException: length=7; index=7
10-28 11:09:01.805 E/HwModemCapability( 2396): isCapabilitySupport java.lang.StringIndexOutOfBoundsException: length=7; index=7
10-28 11:09:01.805 E/HwModemCapability( 2396): isCapabilitySupport java.lang.StringIndexOutOfBoundsException: length=7; index=7
10-28 11:09:01.805 E/HwModemCapability( 4401): isCapabilitySupport java.lang.StringIndexOutOfBoundsException: length=7; index=7
10-28 11:09:01.805 E/HwModemCapability( 2396): isCapabilitySupport java.lang.StringIndexOutOfBoundsException: length=7; index=7
10-28 11:09:01.806 E/HwModemCapability( 2396): isCapabilitySupport java.lang.StringIndexOutOfBoundsException: length=7; index=7
10-28 11:09:01.812 E/HwModemCapability( 1857): isCapabilitySupport java.lang.StringIndexOutOfBoundsException: length=7; index=7
10-28 11:09:01.815 E/HwModemCapability( 2428): isCapabilitySupport java.lang.StringIndexOutOfBoundsException: length=7; index=7
10-28 11:09:01.816 E/HwModemCapability( 2428): isCapabilitySupport java.lang.StringIndexOutOfBoundsException: length=7; index=7
10-28 11:09:01.818 E/HwModemCapability( 1857): isCapabilitySupport java.lang.StringIndexOutOfBoundsException: length=7; index=7
10-28 11:09:01.821 E/HwModemCapability( 2396): isCapabilitySupport java.lang.StringIndexOutOfBoundsException: length=7; index=7
10-28 11:09:01.824 E/HwModemCapability( 2396): isCapabilitySupport java.lang.StringIndexOutOfBoundsException: length=7; index=7
10-28 11:09:01.828 E/WifiHAL (  672): enter wifi_get_link_stats
10-28 11:09:01.831 E/WificondControl( 1407): Noise: 0, Snr: 0, Chload: -1
10-28 11:09:01.921 E/ResolverController(  605): No valid NAT64 prefix (117, <unspecified>/0)
10-28 11:09:01.931 E/ResolverController(  605): No valid NAT64 prefix (117, <unspecified>/0)
10-28 11:09:03.484 E/WifiService( 1407): enforceCanAccessScanResults: hiding ssid and bssidUID 10344 has no location permission
10-28 11:09:03.781 E/HwModemCapability( 2476): isCapabilitySupport java.lang.StringIndexOutOfBoundsException: length=7; index=7
10-28 11:09:03.792 E/HwModemCapability( 2172): isCapabilitySupport java.lang.StringIndexOutOfBoundsException: length=7; index=7
10-28 11:09:03.796 E/HwModemCapability( 1857): isCapabilitySupport java.lang.StringIndexOutOfBoundsException: length=7; index=7
10-28 11:09:03.797 E/HwModemCapability( 4401): isCapabilitySupport java.lang.StringIndexOutOfBoundsException: length=7; index=7
10-28 11:09:03.797 E/HwModemCapability( 1857): isCapabilitySupport java.lang.StringIndexOutOfBoundsException: length=7; index=7
10-28 11:09:03.797 E/HwModemCapability( 2396): isCapabilitySupport java.lang.StringIndexOutOfBoundsException: length=7; index=7
10-28 11:09:03.797 E/HwModemCapability( 1857): isCapabilitySupport java.lang.StringIndexOutOfBoundsException: length=7; index=7
10-28 11:09:03.797 E/HwModemCapability( 1407): isCapabilitySupport java.lang.StringIndexOutOfBoundsException: unknown reason
10-28 11:09:03.803 E/HwModemCapability( 2396): isCapabilitySupport java.lang.StringIndexOutOfBoundsException: length=7; index=7
10-28 11:09:03.805 E/HwModemCapability( 2396): isCapabilitySupport java.lang.StringIndexOutOfBoundsException: length=7; index=7
10-28 11:09:03.805 E/HwModemCapability( 1407): isCapabilitySupport java.lang.StringIndexOutOfBoundsException: unknown reason
10-28 11:09:03.805 E/HwModemCapability( 2396): isCapabilitySupport java.lang.StringIndexOutOfBoundsException: length=7; index=7
10-28 11:09:03.806 E/HwModemCapability( 2396): isCapabilitySupport java.lang.StringIndexOutOfBoundsException: length=7; index=7
10-28 11:09:03.809 E/HwModemCapability( 2428): isCapabilitySupport java.lang.StringIndexOutOfBoundsException: length=7; index=7
10-28 11:09:03.810 E/HwModemCapability( 2396): isCapabilitySupport java.lang.StringIndexOutOfBoundsException: length=7; index=7
10-28 11:09:03.812 E/HwModemCapability( 2428): isCapabilitySupport java.lang.StringIndexOutOfBoundsException: length=7; index=7
10-28 11:09:03.812 E/HwModemCapability( 2396): isCapabilitySupport java.lang.StringIndexOutOfBoundsException: length=7; index=7
10-28 11:09:03.813 E/HwModemCapability( 2396): isCapabilitySupport java.lang.StringIndexOutOfBoundsException: length=7; index=7
10-28 11:09:03.816 E/HwModemCapability( 2396): isCapabilitySupport java.lang.StringIndexOutOfBoundsException: length=7; index=7
10-28 11:09:03.816 E/HwModemCapability( 2396): isCapabilitySupport java.lang.StringIndexOutOfBoundsException: length=7; index=7
10-28 11:09:03.816 E/HwModemCapability( 2396): isCapabilitySupport java.lang.StringIndexOutOfBoundsException: length=7; index=7
10-28 11:09:03.816 E/HwModemCapability( 2396): isCapabilitySupport java.lang.StringIndexOutOfBoundsException: length=7; index=7
10-28 11:09:03.816 E/HwModemCapability( 2396): isCapabilitySupport java.lang.StringIndexOutOfBoundsException: length=7; index=7
10-28 11:09:03.819 E/HwModemCapability( 1857): isCapabilitySupport java.lang.StringIndexOutOfBoundsException: length=7; index=7
10-28 11:09:03.820 E/DeviceStatusController( 5119): CAWARENESS: executeStatusSensorCallback() containsKey(deviceStatus) is false
10-28 11:09:03.820 E/DeviceStatusController( 5119): CAWARENESS: executeSensorCallback() containsKey(deviceStatus) is false
10-28 11:09:03.822 E/ARMoudle.ARService( 2428): activityChangedCallBack for msdp
10-28 11:09:03.824 E/HwModemCapability( 2428): isCapabilitySupport java.lang.StringIndexOutOfBoundsException: length=7; index=7
10-28 11:09:03.824 E/HwModemCapability( 2428): isCapabilitySupport java.lang.StringIndexOutOfBoundsException: length=7; index=7
10-28 11:09:03.827 E/SwingDetection( 5119): CAWARENESS: dealMovementStatusChangedEvent() mSwingListener == null
10-28 11:09:03.831 E/EventManager( 5119): CAWARENESS: postEvent() awarenessListener == null
10-28 11:09:03.838 E/HwModemCapability( 2396): isCapabilitySupport java.lang.StringIndexOutOfBoundsException: length=7; index=7
10-28 11:09:03.838 E/HwModemCapability( 2396): isCapabilitySupport java.lang.StringIndexOutOfBoundsException: length=7; index=7
10-28 11:09:03.838 E/HwModemCapability( 2396): isCapabilitySupport java.lang.StringIndexOutOfBoundsException: length=7; index=7
10-28 11:09:03.838 E/HwModemCapability( 2396): isCapabilitySupport java.lang.StringIndexOutOfBoundsException: length=7; index=7
10-28 11:09:03.839 E/HwModemCapability( 2396): isCapabilitySupport java.lang.StringIndexOutOfBoundsException: length=7; index=7
10-28 11:09:03.839 E/HwModemCapability( 2396): isCapabilitySupport java.lang.StringIndexOutOfBoundsException: length=7; index=7
10-28 11:09:03.839 E/HwModemCapability( 2396): isCapabilitySupport java.lang.StringIndexOutOfBoundsException: length=7; index=7
10-28 11:09:03.840 E/HwModemCapability( 2396): isCapabilitySupport java.lang.StringIndexOutOfBoundsException: length=7; index=7
10-28 11:09:04.851 E/WifiHAL (  672): enter wifi_get_link_stats
10-28 11:09:04.856 E/WificondControl( 1407): Noise: 0, Snr: 0, Chload: -1
10-28 11:09:05.230 E/ResolverController(  605): No valid NAT64 prefix (117, <unspecified>/0)
10-28 11:09:05.366 E/ScanRecord(23261): unable to parse scan record: [30, 5, 18, -94, 77, 46, -2, 20, 72, -114, -109, -46, 23, 60, -3, 2, 48, -128, -8, 31, 121, -23, -36, 21, -111, 60, 64, 0, 0, 0, 0]
10-28 11:09:06.349 E/HwModemCapability( 2476): isCapabilitySupport java.lang.StringIndexOutOfBoundsException: length=7; index=7
10-28 11:09:06.357 E/HwModemCapability( 2172): isCapabilitySupport java.lang.StringIndexOutOfBoundsException: length=7; index=7
10-28 11:09:06.357 E/HwModemCapability( 1857): isCapabilitySupport java.lang.StringIndexOutOfBoundsException: length=7; index=7
10-28 11:09:06.358 E/HwModemCapability( 1857): isCapabilitySupport java.lang.StringIndexOutOfBoundsException: length=7; index=7
10-28 11:09:06.360 E/HwModemCapability( 2396): isCapabilitySupport java.lang.StringIndexOutOfBoundsException: length=7; index=7
10-28 11:09:06.362 E/HwModemCapability( 2396): isCapabilitySupport java.lang.StringIndexOutOfBoundsException: length=7; index=7
10-28 11:09:06.362 E/HwModemCapability( 1407): isCapabilitySupport java.lang.StringIndexOutOfBoundsException: unknown reason
10-28 11:09:06.362 E/HwModemCapability( 2396): isCapabilitySupport java.lang.StringIndexOutOfBoundsException: length=7; index=7
10-28 11:09:06.362 E/HwModemCapability( 2396): isCapabilitySupport java.lang.StringIndexOutOfBoundsException: length=7; index=7
10-28 11:09:06.364 E/HwModemCapability( 2396): isCapabilitySupport java.lang.StringIndexOutOfBoundsException: length=7; index=7
10-28 11:09:06.367 E/HwModemCapability( 4401): isCapabilitySupport java.lang.StringIndexOutOfBoundsException: length=7; index=7
10-28 11:09:06.368 E/HwModemCapability( 2396): isCapabilitySupport java.lang.StringIndexOutOfBoundsException: length=7; index=7
10-28 11:09:06.372 E/HwModemCapability( 2396): isCapabilitySupport java.lang.StringIndexOutOfBoundsException: length=7; index=7
10-28 11:09:06.373 E/HwModemCapability( 2428): isCapabilitySupport java.lang.StringIndexOutOfBoundsException: length=7; index=7
10-28 11:09:06.373 E/HwModemCapability( 2396): isCapabilitySupport java.lang.StringIndexOutOfBoundsException: length=7; index=7
10-28 11:09:06.373 E/HwModemCapability( 2396): isCapabilitySupport java.lang.StringIndexOutOfBoundsException: length=7; index=7
10-28 11:09:06.373 E/HwModemCapability( 2428): isCapabilitySupport java.lang.StringIndexOutOfBoundsException: length=7; index=7
10-28 11:09:06.373 E/HwModemCapability( 2396): isCapabilitySupport java.lang.StringIndexOutOfBoundsException: length=7; index=7
10-28 11:09:06.373 E/HwModemCapability( 2396): isCapabilitySupport java.lang.StringIndexOutOfBoundsException: length=7; index=7
10-28 11:09:06.373 E/HwModemCapability( 2396): isCapabilitySupport java.lang.StringIndexOutOfBoundsException: length=7; index=7
10-28 11:09:06.374 E/HwModemCapability( 2396): isCapabilitySupport java.lang.StringIndexOutOfBoundsException: length=7; index=7
10-28 11:09:06.374 E/HwModemCapability( 1407): isCapabilitySupport java.lang.StringIndexOutOfBoundsException: unknown reason
10-28 11:09:06.382 E/HwModemCapability( 1857): isCapabilitySupport java.lang.StringIndexOutOfBoundsException: length=7; index=7
10-28 11:09:06.388 E/HwModemCapability( 2428): isCapabilitySupport java.lang.StringIndexOutOfBoundsException: length=7; index=7
10-28 11:09:06.389 E/HwModemCapability( 2428): isCapabilitySupport java.lang.StringIndexOutOfBoundsException: length=7; index=7
10-28 11:09:06.391 E/HwModemCapability( 2396): isCapabilitySupport java.lang.StringIndexOutOfBoundsException: length=7; index=7
10-28 11:09:06.393 E/HwModemCapability( 2396): isCapabilitySupport java.lang.StringIndexOutOfBoundsException: length=7; index=7
10-28 11:09:07.795 E/HwModemCapability( 2476): isCapabilitySupport java.lang.StringIndexOutOfBoundsException: length=7; index=7
10-28 11:09:07.807 E/HwModemCapability( 2172): isCapabilitySupport java.lang.StringIndexOutOfBoundsException: length=7; index=7
10-28 11:09:07.807 E/HwModemCapability( 1857): isCapabilitySupport java.lang.StringIndexOutOfBoundsException: length=7; index=7
10-28 11:09:07.809 E/HwModemCapability( 2396): isCapabilitySupport java.lang.StringIndexOutOfBoundsException: length=7; index=7
10-28 11:09:07.810 E/HwModemCapability( 4401): isCapabilitySupport java.lang.StringIndexOutOfBoundsException: length=7; index=7
10-28 11:09:07.810 E/HwModemCapability( 2396): isCapabilitySupport java.lang.StringIndexOutOfBoundsException: length=7; index=7
10-28 11:09:07.811 E/HwModemCapability( 2396): isCapabilitySupport java.lang.StringIndexOutOfBoundsException: length=7; index=7
10-28 11:09:07.813 E/HwModemCapability( 2396): isCapabilitySupport java.lang.StringIndexOutOfBoundsException: length=7; index=7
10-28 11:09:07.813 E/HwModemCapability( 1857): isCapabilitySupport java.lang.StringIndexOutOfBoundsException: length=7; index=7
10-28 11:09:07.813 E/HwModemCapability( 2396): isCapabilitySupport java.lang.StringIndexOutOfBoundsException: length=7; index=7
10-28 11:09:07.813 E/HwModemCapability( 1857): isCapabilitySupport java.lang.StringIndexOutOfBoundsException: length=7; index=7
10-28 11:09:07.813 E/HwModemCapability( 2396): isCapabilitySupport java.lang.StringIndexOutOfBoundsException: length=7; index=7
10-28 11:09:07.814 E/HwModemCapability( 2396): isCapabilitySupport java.lang.StringIndexOutOfBoundsException: length=7; index=7
10-28 11:09:07.814 E/HwModemCapability( 1407): isCapabilitySupport java.lang.StringIndexOutOfBoundsException: unknown reason
10-28 11:09:07.815 E/HwModemCapability( 2396): isCapabilitySupport java.lang.StringIndexOutOfBoundsException: length=7; index=7
10-28 11:09:07.818 E/HwModemCapability( 1407): isCapabilitySupport java.lang.StringIndexOutOfBoundsException: unknown reason
10-28 11:09:07.820 E/HwModemCapability( 2396): isCapabilitySupport java.lang.StringIndexOutOfBoundsException: length=7; index=7
10-28 11:09:07.821 E/HwModemCapability( 2396): isCapabilitySupport java.lang.StringIndexOutOfBoundsException: length=7; index=7
10-28 11:09:07.821 E/HwModemCapability( 2428): isCapabilitySupport java.lang.StringIndexOutOfBoundsException: length=7; index=7
10-28 11:09:07.821 E/HwModemCapability( 2428): isCapabilitySupport java.lang.StringIndexOutOfBoundsException: length=7; index=7
10-28 11:09:07.823 E/HwModemCapability( 2396): isCapabilitySupport java.lang.StringIndexOutOfBoundsException: length=7; index=7
10-28 11:09:07.829 E/HwModemCapability( 2396): isCapabilitySupport java.lang.StringIndexOutOfBoundsException: length=7; index=7
10-28 11:09:07.829 E/HwModemCapability( 1857): isCapabilitySupport java.lang.StringIndexOutOfBoundsException: length=7; index=7
10-28 11:09:07.829 E/HwModemCapability( 2396): isCapabilitySupport java.lang.StringIndexOutOfBoundsException: length=7; index=7
10-28 11:09:07.834 E/HwModemCapability( 2396): isCapabilitySupport java.lang.StringIndexOutOfBoundsException: length=7; index=7
10-28 11:09:07.834 E/HwModemCapability( 1857): isCapabilitySupport java.lang.StringIndexOutOfBoundsException: length=7; index=7
10-28 11:09:07.834 E/HwModemCapability( 2396): isCapabilitySupport java.lang.StringIndexOutOfBoundsException: length=7; index=7
10-28 11:09:07.845 E/HwModemCapability( 2396): isCapabilitySupport java.lang.StringIndexOutOfBoundsException: length=7; index=7
10-28 11:09:07.875 E/WifiHAL (  672): enter wifi_get_link_stats
10-28 11:09:07.881 E/WificondControl( 1407): Noise: 0, Snr: 0, Chload: -1
10-28 11:09:08.819 E/DeviceStatusController( 5119): CAWARENESS: executeStatusSensorCallback() containsKey(deviceStatus) is false
10-28 11:09:08.820 E/DeviceStatusController( 5119): CAWARENESS: executeSensorCallback() containsKey(deviceStatus) is false
10-28 11:09:08.820 E/ARMoudle.ARService( 2428): activityChangedCallBack for msdp
10-28 11:09:08.827 E/SwingDetection( 5119): CAWARENESS: dealMovementStatusChangedEvent() mSwingListener == null
10-28 11:09:08.837 E/EventManager( 5119): CAWARENESS: postEvent() awarenessListener == null
10-28 11:09:09.186 E/WificondControl( 1407): Noise: 0, Snr: 0, Chload: -1
10-28 11:09:10.897 E/WifiHAL (  672): enter wifi_get_link_stats
10-28 11:09:10.912 E/WificondControl( 1407): Noise: 0, Snr: 0, Chload: -1
10-28 11:09:11.354 E/WifiService( 1407): enforceCanAccessScanResults: hiding ssid and bssidUID 10321 has no location permission
10-28 11:09:11.464 E/WifiService( 1407): enforceCanAccessScanResults: hiding ssid and bssidUID 10321 has no location permission
10-28 11:09:12.358 E/HwModemCapability( 2476): isCapabilitySupport java.lang.StringIndexOutOfBoundsException: length=7; index=7
10-28 11:09:12.369 E/HwModemCapability( 2172): isCapabilitySupport java.lang.StringIndexOutOfBoundsException: length=7; index=7
10-28 11:09:12.371 E/HwModemCapability( 2396): isCapabilitySupport java.lang.StringIndexOutOfBoundsException: length=7; index=7
10-28 11:09:12.373 E/HwModemCapability( 2396): isCapabilitySupport java.lang.StringIndexOutOfBoundsException: length=7; index=7
10-28 11:09:12.373 E/HwModemCapability( 4401): isCapabilitySupport java.lang.StringIndexOutOfBoundsException: length=7; index=7
10-28 11:09:12.373 E/HwModemCapability( 2396): isCapabilitySupport java.lang.StringIndexOutOfBoundsException: length=7; index=7
10-28 11:09:12.374 E/HwModemCapability( 2396): isCapabilitySupport java.lang.StringIndexOutOfBoundsException: length=7; index=7
10-28 11:09:12.376 E/HwModemCapability( 1857): isCapabilitySupport java.lang.StringIndexOutOfBoundsException: length=7; index=7
10-28 11:09:12.376 E/HwModemCapability( 1857): isCapabilitySupport java.lang.StringIndexOutOfBoundsException: length=7; index=7
10-28 11:09:12.377 E/HwModemCapability( 1407): isCapabilitySupport java.lang.StringIndexOutOfBoundsException: unknown reason
10-28 11:09:12.380 E/HwModemCapability( 2428): isCapabilitySupport java.lang.StringIndexOutOfBoundsException: length=7; index=7
10-28 11:09:12.382 E/HwModemCapability( 1407): isCapabilitySupport java.lang.StringIndexOutOfBoundsException: unknown reason
10-28 11:09:12.383 E/HwModemCapability( 2428): isCapabilitySupport java.lang.StringIndexOutOfBoundsException: length=7; index=7
10-28 11:09:12.384 E/HwModemCapability( 2396): isCapabilitySupport java.lang.StringIndexOutOfBoundsException: length=7; index=7
10-28 11:09:12.384 E/HwModemCapability( 2396): isCapabilitySupport java.lang.StringIndexOutOfBoundsException: length=7; index=7
10-28 11:09:12.384 E/HwModemCapability( 2396): isCapabilitySupport java.lang.StringIndexOutOfBoundsException: length=7; index=7
10-28 11:09:12.386 E/HwModemCapability( 2396): isCapabilitySupport java.lang.StringIndexOutOfBoundsException: length=7; index=7
10-28 11:09:12.398 E/HwModemCapability( 1857): isCapabilitySupport java.lang.StringIndexOutOfBoundsException: length=7; index=7
10-28 11:09:12.399 E/HwModemCapability( 2428): isCapabilitySupport java.lang.StringIndexOutOfBoundsException: length=7; index=7
10-28 11:09:12.399 E/HwModemCapability( 2428): isCapabilitySupport java.lang.StringIndexOutOfBoundsException: length=7; index=7
10-28 11:09:12.402 E/HwModemCapability( 2396): isCapabilitySupport java.lang.StringIndexOutOfBoundsException: length=7; index=7
10-28 11:09:12.404 E/HwModemCapability( 2396): isCapabilitySupport java.lang.StringIndexOutOfBoundsException: length=7; index=7
10-28 11:09:12.986 E/CellBatching.CellBatchingHardware(28179): isDisConnect:false
10-28 11:09:13.503 E/WifiService( 1407): enforceCanAccessScanResults: hiding ssid and bssidUID 10344 has no location permission
10-28 11:09:13.935 E/WifiHAL (  672): enter wifi_get_link_stats
10-28 11:09:13.948 E/WificondControl( 1407): Noise: 0, Snr: 0, Chload: -1
10-28 11:09:14.259 E/HSM_Install_BG( 2031): NetWorkHelper:allowAccessNetwork is not allowed!
10-28 11:09:14.259 E/HSM_Install_BG( 2031): UpdateAllDataServHandle:onHandleIntent check access network is denied!
10-28 11:09:16.972 E/WifiHAL (  672): enter wifi_get_link_stats
10-28 11:09:16.980 E/WificondControl( 1407): Noise: 0, Snr: 0, Chload: -1
10-28 11:09:17.188 E/WificondControl( 1407): Noise: 0, Snr: 0, Chload: -1
10-28 11:09:18.370 E/HwModemCapability( 2476): isCapabilitySupport java.lang.StringIndexOutOfBoundsException: length=7; index=7
10-28 11:09:18.381 E/HwModemCapability( 2172): isCapabilitySupport java.lang.StringIndexOutOfBoundsException: length=7; index=7
10-28 11:09:18.381 E/HwModemCapability( 2396): isCapabilitySupport java.lang.StringIndexOutOfBoundsException: length=7; index=7
10-28 11:09:18.382 E/HwModemCapability( 2396): isCapabilitySupport java.lang.StringIndexOutOfBoundsException: length=7; index=7
10-28 11:09:18.383 E/HwModemCapability( 2396): isCapabilitySupport java.lang.StringIndexOutOfBoundsException: length=7; index=7
10-28 11:09:18.383 E/HwModemCapability( 4401): isCapabilitySupport java.lang.StringIndexOutOfBoundsException: length=7; index=7
10-28 11:09:18.383 E/HwModemCapability( 2396): isCapabilitySupport java.lang.StringIndexOutOfBoundsException: length=7; index=7
10-28 11:09:18.393 E/HwModemCapability( 2396): isCapabilitySupport java.lang.StringIndexOutOfBoundsException: length=7; index=7
10-28 11:09:18.394 E/HwModemCapability( 1857): isCapabilitySupport java.lang.StringIndexOutOfBoundsException: length=7; index=7
10-28 11:09:18.395 E/HwModemCapability( 1857): isCapabilitySupport java.lang.StringIndexOutOfBoundsException: length=7; index=7
10-28 11:09:18.395 E/HwModemCapability( 1857): isCapabilitySupport java.lang.StringIndexOutOfBoundsException: length=7; index=7
10-28 11:09:18.395 E/HwModemCapability( 2396): isCapabilitySupport java.lang.StringIndexOutOfBoundsException: length=7; index=7
10-28 11:09:18.396 E/HwModemCapability( 1407): isCapabilitySupport java.lang.StringIndexOutOfBoundsException: unknown reason
10-28 11:09:18.398 E/HwModemCapability( 1407): isCapabilitySupport java.lang.StringIndexOutOfBoundsException: unknown reason
10-28 11:09:18.401 E/HwModemCapability( 2428): isCapabilitySupport java.lang.StringIndexOutOfBoundsException: length=7; index=7
10-28 11:09:18.401 E/HwModemCapability( 2428): isCapabilitySupport java.lang.StringIndexOutOfBoundsException: length=7; index=7
10-28 11:09:18.402 E/HwModemCapability( 2428): isCapabilitySupport java.lang.StringIndexOutOfBoundsException: length=7; index=7
10-28 11:09:18.402 E/HwModemCapability( 2428): isCapabilitySupport java.lang.StringIndexOutOfBoundsException: length=7; index=7
10-28 11:09:18.406 E/HwModemCapability( 1857): isCapabilitySupport java.lang.StringIndexOutOfBoundsException: length=7; index=7
10-28 11:09:18.410 E/HwModemCapability( 2396): isCapabilitySupport java.lang.StringIndexOutOfBoundsException: length=7; index=7
10-28 11:09:18.411 E/HwModemCapability( 2396): isCapabilitySupport java.lang.StringIndexOutOfBoundsException: length=7; index=7
10-28 11:09:18.411 E/HwModemCapability( 2396): isCapabilitySupport java.lang.StringIndexOutOfBoundsException: length=7; index=7
10-28 11:09:18.411 E/HwModemCapability( 2396): isCapabilitySupport java.lang.StringIndexOutOfBoundsException: length=7; index=7
10-28 11:09:18.411 E/HwModemCapability( 2396): isCapabilitySupport java.lang.StringIndexOutOfBoundsException: length=7; index=7
10-28 11:09:18.412 E/HwModemCapability( 2396): isCapabilitySupport java.lang.StringIndexOutOfBoundsException: length=7; index=7
10-28 11:09:18.821 E/DeviceStatusController( 5119): CAWARENESS: executeStatusSensorCallback() containsKey(deviceStatus) is false
10-28 11:09:18.821 E/DeviceStatusController( 5119): CAWARENESS: executeSensorCallback() containsKey(deviceStatus) is false
10-28 11:09:18.822 E/ARMoudle.ARService( 2428): activityChangedCallBack for msdp
10-28 11:09:18.832 E/SwingDetection( 5119): CAWARENESS: dealMovementStatusChangedEvent() mSwingListener == null
10-28 11:09:18.840 E/EventManager( 5119): CAWARENESS: postEvent() awarenessListener == null
10-28 11:09:19.781 E/OCTTY   ( 1422): [main:349] install already set to 
10-28 11:09:19.781 E/OCTTY   ( 1422): 
10-28 11:09:19.884 E/OCTTY   ( 1422): [main:349] install already set to 
10-28 11:09:19.884 E/OCTTY   ( 1422): 
10-28 11:09:19.998 E/WifiHAL (  672): enter wifi_get_link_stats
10-28 11:09:20.005 E/WificondControl( 1407): Noise: 0, Snr: 0, Chload: -1
10-28 11:09:20.024 E/ScanRecord(23261): unable to parse scan record: [30, 5, 18, -94, 77, 46, -2, 20, 72, -114, -109, -46, 23, 60, -3, 2, 48, -128, -8, 31, 121, -23, -36, 21, -111, 60, 64, 0, 0, 0, 0]
10-28 11:09:20.100 E/ScanRecord(23261): unable to parse scan record: [30, 5, 18, -94, 77, 46, -2, 20, 72, -114, -109, -46, 23, 60, -3, 2, 48, -128, -8, 31, 121, -23, -36, 21, -111, 60, 64, 0, 0, 0, 0]
10-28 11:09:22.656 E/ScanRecord(23261): unable to parse scan record: [30, 5, 18, -94, 77, 46, -2, 20, 72, -114, -109, -46, 23, 60, -3, 2, 48, -128, -8, 31, 121, -23, -36, 21, -111, 60, 64, 0, 0, 0, 0]
10-28 11:09:23.028 E/WifiHAL (  672): enter wifi_get_link_stats
10-28 11:09:23.044 E/WificondControl( 1407): Noise: 0, Snr: 0, Chload: -1
10-28 11:09:23.519 E/WifiService( 1407): enforceCanAccessScanResults: hiding ssid and bssidUID 10344 has no location permission
10-28 11:09:23.619 E/ResolverController(  605): No valid NAT64 prefix (117, <unspecified>/0)
10-28 11:09:23.620 E/ResolverController(  605): No valid NAT64 prefix (117, <unspecified>/0)
10-28 11:09:23.620 E/ResolverController(  605): No valid NAT64 prefix (117, <unspecified>/0)
10-28 11:09:23.621 E/ResolverController(  605): No valid NAT64 prefix (117, <unspecified>/0)
10-28 11:09:23.724 E/AppInfoMgr( 2172): not find pkgs by uid: 1051
10-28 11:09:25.167 E/ScanRecord(23261): unable to parse scan record: [30, 5, 18, -94, 77, 46, -2, 20, 72, -114, -109, -46, 23, 60, -3, 2, 48, -128, -8, 31, 121, -23, -36, 21, -111, 60, 64, 0, 0, 0, 0]
10-28 11:09:25.207 E/WificondControl( 1407): Noise: 0, Snr: 0, Chload: -1
10-28 11:09:25.243 E/ResolverController(  605): No valid NAT64 prefix (117, <unspecified>/0)
10-28 11:09:26.067 E/WifiHAL (  672): enter wifi_get_link_stats
10-28 11:09:26.070 E/WificondControl( 1407): Noise: 0, Snr: 0, Chload: -1
10-28 11:09:26.486 E/ScanRecord(23261): unable to parse scan record: [30, 5, 18, -94, 77, 46, -2, 20, 72, -114, -109, -46, 23, 60, -3, 2, 48, -128, -8, 31, 121, -23, -36, 21, -111, 60, 64, 0, 0, 0, 0]
10-28 11:09:27.698 E/ScanRecord(23261): unable to parse scan record: [30, 5, 18, -94, 77, 46, -2, 20, 72, -114, -109, -46, 23, 60, -3, 2, 48, -128, -8, 31, 121, -23, -36, 21, -111, 60, 64, 0, 0, 0, 0]
10-28 11:09:27.776 E/ScanRecord(23261): unable to parse scan record: [30, 5, 18, -94, 77, 46, -2, 20, 72, -114, -109, -46, 23, 60, -3, 2, 48, -128, -8, 31, 121, -23, -36, 21, -111, 60, 64, 0, 0, 0, 0]
10-28 11:09:29.093 E/WifiHAL (  672): enter wifi_get_link_stats
10-28 11:09:29.107 E/WificondControl( 1407): Noise: 0, Snr: 0, Chload: -1
10-28 11:09:30.741 E/HwModemCapability( 2476): isCapabilitySupport java.lang.StringIndexOutOfBoundsException: length=7; index=7
10-28 11:09:30.753 E/HwModemCapability( 2172): isCapabilitySupport java.lang.StringIndexOutOfBoundsException: length=7; index=7
10-28 11:09:30.754 E/HwModemCapability( 2396): isCapabilitySupport java.lang.StringIndexOutOfBoundsException: length=7; index=7
10-28 11:09:30.754 E/HwModemCapability( 1857): isCapabilitySupport java.lang.StringIndexOutOfBoundsException: length=7; index=7
10-28 11:09:30.755 E/HwModemCapability( 2396): isCapabilitySupport java.lang.StringIndexOutOfBoundsException: length=7; index=7
10-28 11:09:30.755 E/HwModemCapability( 2396): isCapabilitySupport java.lang.StringIndexOutOfBoundsException: length=7; index=7
10-28 11:09:30.755 E/HwModemCapability( 2396): isCapabilitySupport java.lang.StringIndexOutOfBoundsException: length=7; index=7
10-28 11:09:30.756 E/HwModemCapability( 2396): isCapabilitySupport java.lang.StringIndexOutOfBoundsException: length=7; index=7
10-28 11:09:30.757 E/HwModemCapability( 2396): isCapabilitySupport java.lang.StringIndexOutOfBoundsException: length=7; index=7
10-28 11:09:30.759 E/HwModemCapability( 4401): isCapabilitySupport java.lang.StringIndexOutOfBoundsException: length=7; index=7
10-28 11:09:30.763 E/HwModemCapability( 1407): isCapabilitySupport java.lang.StringIndexOutOfBoundsException: unknown reason
10-28 11:09:30.764 E/HwModemCapability( 2396): isCapabilitySupport java.lang.StringIndexOutOfBoundsException: length=7; index=7
10-28 11:09:30.765 E/HwModemCapability( 2396): isCapabilitySupport java.lang.StringIndexOutOfBoundsException: length=7; index=7
10-28 11:09:30.765 E/HwModemCapability( 2396): isCapabilitySupport java.lang.StringIndexOutOfBoundsException: length=7; index=7
10-28 11:09:30.766 E/HwModemCapability( 2396): isCapabilitySupport java.lang.StringIndexOutOfBoundsException: length=7; index=7
10-28 11:09:30.766 E/HwModemCapability( 1407): isCapabilitySupport java.lang.StringIndexOutOfBoundsException: unknown reason
10-28 11:09:30.766 E/HwModemCapability( 2396): isCapabilitySupport java.lang.StringIndexOutOfBoundsException: length=7; index=7
10-28 11:09:30.767 E/HwModemCapability( 2396): isCapabilitySupport java.lang.StringIndexOutOfBoundsException: length=7; index=7
10-28 11:09:30.769 E/HwModemCapability( 2428): isCapabilitySupport java.lang.StringIndexOutOfBoundsException: length=7; index=7
10-28 11:09:30.769 E/HwModemCapability( 2428): isCapabilitySupport java.lang.StringIndexOutOfBoundsException: length=7; index=7
10-28 11:09:30.771 E/HwModemCapability( 1857): isCapabilitySupport java.lang.StringIndexOutOfBoundsException: length=7; index=7
10-28 11:09:30.772 E/HwModemCapability( 1857): isCapabilitySupport java.lang.StringIndexOutOfBoundsException: length=7; index=7
10-28 11:09:30.777 E/HwModemCapability( 1857): isCapabilitySupport java.lang.StringIndexOutOfBoundsException: length=7; index=7
10-28 11:09:30.778 E/HwModemCapability( 2396): isCapabilitySupport java.lang.StringIndexOutOfBoundsException: length=7; index=7
10-28 11:09:30.780 E/HwModemCapability( 2396): isCapabilitySupport java.lang.StringIndexOutOfBoundsException: length=7; index=7
10-28 11:09:30.780 E/HwModemCapability( 1857): isCapabilitySupport java.lang.StringIndexOutOfBoundsException: length=7; index=7
10-28 11:09:30.780 E/HwModemCapability( 2396): isCapabilitySupport java.lang.StringIndexOutOfBoundsException: length=7; index=7
10-28 11:09:30.780 E/HwModemCapability( 2396): isCapabilitySupport java.lang.StringIndexOutOfBoundsException: length=7; index=7
10-28 11:09:31.953 E/HwModemCapability( 2476): isCapabilitySupport java.lang.StringIndexOutOfBoundsException: length=7; index=7
10-28 11:09:31.964 E/HwModemCapability( 2172): isCapabilitySupport java.lang.StringIndexOutOfBoundsException: length=7; index=7
10-28 11:09:31.969 E/HwModemCapability( 2396): isCapabilitySupport java.lang.StringIndexOutOfBoundsException: length=7; index=7
10-28 11:09:31.970 E/HwModemCapability( 2396): isCapabilitySupport java.lang.StringIndexOutOfBoundsException: length=7; index=7
10-28 11:09:31.970 E/HwModemCapability( 4401): isCapabilitySupport java.lang.StringIndexOutOfBoundsException: length=7; index=7
10-28 11:09:31.970 E/HwModemCapability( 2396): isCapabilitySupport java.lang.StringIndexOutOfBoundsException: length=7; index=7
10-28 11:09:31.973 E/HwModemCapability( 2396): isCapabilitySupport java.lang.StringIndexOutOfBoundsException: length=7; index=7
10-28 11:09:31.973 E/HwModemCapability( 1407): isCapabilitySupport java.lang.StringIndexOutOfBoundsException: unknown reason
10-28 11:09:31.974 E/HwModemCapability( 2396): isCapabilitySupport java.lang.StringIndexOutOfBoundsException: length=7; index=7
10-28 11:09:31.974 E/HwModemCapability( 2396): isCapabilitySupport java.lang.StringIndexOutOfBoundsException: length=7; index=7
10-28 11:09:31.975 E/HwModemCapability( 1407): isCapabilitySupport java.lang.StringIndexOutOfBoundsException: unknown reason
10-28 11:09:31.976 E/HwModemCapability( 1857): isCapabilitySupport java.lang.StringIndexOutOfBoundsException: length=7; index=7
10-28 11:09:31.977 E/HwModemCapability( 1857): isCapabilitySupport java.lang.StringIndexOutOfBoundsException: length=7; index=7
10-28 11:09:31.979 E/HwModemCapability( 2396): isCapabilitySupport java.lang.StringIndexOutOfBoundsException: length=7; index=7
10-28 11:09:31.981 E/HwModemCapability( 2396): isCapabilitySupport java.lang.StringIndexOutOfBoundsException: length=7; index=7
10-28 11:09:31.981 E/HwModemCapability( 2428): isCapabilitySupport java.lang.StringIndexOutOfBoundsException: length=7; index=7
10-28 11:09:31.981 E/HwModemCapability( 2428): isCapabilitySupport java.lang.StringIndexOutOfBoundsException: length=7; index=7
10-28 11:09:31.987 E/HwModemCapability( 2396): isCapabilitySupport java.lang.StringIndexOutOfBoundsException: length=7; index=7
10-28 11:09:31.990 E/HwModemCapability( 2428): isCapabilitySupport java.lang.StringIndexOutOfBoundsException: length=7; index=7
10-28 11:09:31.991 E/HwModemCapability( 2428): isCapabilitySupport java.lang.StringIndexOutOfBoundsException: length=7; index=7
10-28 11:09:31.991 E/HwModemCapability( 2396): isCapabilitySupport java.lang.StringIndexOutOfBoundsException: length=7; index=7
10-28 11:09:31.993 E/HwModemCapability( 2396): isCapabilitySupport java.lang.StringIndexOutOfBoundsException: length=7; index=7
10-28 11:09:31.994 E/HwModemCapability( 1857): isCapabilitySupport java.lang.StringIndexOutOfBoundsException: length=7; index=7
10-28 11:09:32.136 E/WifiHAL (  672): enter wifi_get_link_stats
10-28 11:09:32.148 E/WificondControl( 1407): Noise: 0, Snr: 0, Chload: -1
10-28 11:09:32.361 E/FindCurApp( 5119): CAWARENESS: appInWhiteList illegal parameters
10-28 11:09:32.361 E/FindCurApp( 5119): CAWARENESS: appInWhiteList illegal parameters
10-28 11:09:32.362 E/FindCurApp( 5119): CAWARENESS: appInWhiteList illegal parameters
10-28 11:09:32.362 E/FindCurApp( 5119): CAWARENESS: appInWhiteList illegal parameters
10-28 11:09:32.362 E/FindCurApp( 5119): CAWARENESS: appInWhiteList illegal parameters
10-28 11:09:32.362 E/FindCurApp( 5119): CAWARENESS: appInWhiteList illegal parameters
10-28 11:09:32.362 E/FindCurApp( 5119): CAWARENESS: appInWhiteList illegal parameters
10-28 11:09:32.362 E/FindCurApp( 5119): CAWARENESS: appInWhiteList illegal parameters
10-28 11:09:32.362 E/FindCurApp( 5119): CAWARENESS: appInWhiteList illegal parameters
10-28 11:09:32.363 E/FindCurApp( 5119): CAWARENESS: appInWhiteList illegal parameters
10-28 11:09:32.363 E/FindCurApp( 5119): CAWARENESS: appInWhiteList illegal parameters
10-28 11:09:32.363 E/FindCurApp( 5119): CAWARENESS: appInWhiteList illegal parameters
10-28 11:09:32.363 E/FindCurApp( 5119): CAWARENESS: appInWhiteList illegal parameters
10-28 11:09:32.363 E/FindCurApp( 5119): CAWARENESS: appInWhiteList illegal parameters
10-28 11:09:32.363 E/FindCurApp( 5119): CAWARENESS: appInWhiteList illegal parameters
10-28 11:09:32.363 E/FindCurApp( 5119): CAWARENESS: appInWhiteList illegal parameters
10-28 11:09:32.363 E/FindCurApp( 5119): CAWARENESS: appInWhiteList illegal parameters
10-28 11:09:32.363 E/FindCurApp( 5119): CAWARENESS: appInWhiteList illegal parameters
10-28 11:09:32.364 E/FindCurApp( 5119): CAWARENESS: appInWhiteList illegal parameters
10-28 11:09:32.364 E/FindCurApp( 5119): CAWARENESS: appInWhiteList illegal parameters
10-28 11:09:32.364 E/FindCurApp( 5119): CAWARENESS: appInWhiteList illegal parameters
10-28 11:09:32.367 E/FindCurApp( 5119): CAWARENESS: appInWhiteList illegal parameters
10-28 11:09:32.367 E/FindCurApp( 5119): CAWARENESS: appInWhiteList illegal parameters
10-28 11:09:32.368 E/FindCurApp( 5119): CAWARENESS: appInWhiteList illegal parameters
10-28 11:09:32.368 E/FindCurApp( 5119): CAWARENESS: appInWhiteList illegal parameters
10-28 11:09:32.368 E/FindCurApp( 5119): CAWARENESS: appInWhiteList illegal parameters
10-28 11:09:32.368 E/FindCurApp( 5119): CAWARENESS: appInWhiteList illegal parameters
10-28 11:09:32.368 E/FindCurApp( 5119): CAWARENESS: appInWhiteList illegal parameters
10-28 11:09:32.368 E/FindCurApp( 5119): CAWARENESS: appInWhiteList illegal parameters
10-28 11:09:32.368 E/FindCurApp( 5119): CAWARENESS: appInWhiteList illegal parameters
10-28 11:09:32.368 E/FindCurApp( 5119): CAWARENESS: appInWhiteList illegal parameters
10-28 11:09:32.369 E/FindCurApp( 5119): CAWARENESS: appInWhiteList illegal parameters
10-28 11:09:32.369 E/FindCurApp( 5119): CAWARENESS: appInWhiteList illegal parameters
10-28 11:09:32.369 E/FindCurApp( 5119): CAWARENESS: appInWhiteList illegal parameters
10-28 11:09:32.369 E/FindCurApp( 5119): CAWARENESS: appInWhiteList illegal parameters
10-28 11:09:32.369 E/FindCurApp( 5119): CAWARENESS: appInWhiteList illegal parameters
10-28 11:09:32.369 E/FindCurApp( 5119): CAWARENESS: appInWhiteList illegal parameters
10-28 11:09:32.369 E/FindCurApp( 5119): CAWARENESS: appInWhiteList illegal parameters
10-28 11:09:32.369 E/FindCurApp( 5119): CAWARENESS: appInWhiteList illegal parameters
10-28 11:09:32.369 E/FindCurApp( 5119): CAWARENESS: appInWhiteList illegal parameters
10-28 11:09:32.370 E/FindCurApp( 5119): CAWARENESS: appInWhiteList illegal parameters
10-28 11:09:32.370 E/FindCurApp( 5119): CAWARENESS: appInWhiteList illegal parameters
10-28 11:09:33.215 E/WificondControl( 1407): Noise: 0, Snr: 0, Chload: -1
10-28 11:09:33.537 E/WifiService( 1407): enforceCanAccessScanResults: hiding ssid and bssidUID 10344 has no location permission
10-28 11:09:34.811 E/AwareLog(  814): iawared: change_property_content open /proc/sys/net/ipv4/netqos_limit fail errno(2)!
10-28 11:09:35.000 E/DollieAdapterService( 2428): notifyActivityState pkg:com.baidu.haokan/com.baidu.searchbox.live.list.LiveListActivity state:2 fg:true mUid:10344
10-28 11:09:35.009 E/FindCurApp( 5119): CAWARENESS: appInWhiteList illegal parameters
10-28 11:09:35.010 E/FindCurApp( 5119): CAWARENESS: appInWhiteList illegal parameters
10-28 11:09:35.012 E/HsmCoreServiceImpl( 2428): onTransact in code is: 102
10-28 11:09:35.050 E/WindowManager( 1407): icon is null!!
10-28 11:09:35.053 E/WindowManager( 1407): icon is null!!
10-28 11:09:35.074 E/HsmCoreServiceImpl( 2428): onTransact in code is: 103
10-28 11:09:35.125 E/AudioFlinger(  674): writing blocked, write to hal costs: 109ms
10-28 11:09:35.169 E/WifiHAL (  672): enter wifi_get_link_stats
10-28 11:09:35.179 E/WificondControl( 1407): Noise: 0, Snr: 0, Chload: -1
10-28 11:09:35.339 E/BufferQueueProducer(  684): [com.baidu.haokan/com.baidu.sapi2.activity.LoginActivity#0]:1338: disconnect: not connected (req=1)
10-28 11:09:35.362 E/WifiService( 1407): enforceCanAccessScanResults: hiding ssid and bssidUID 10344 has no location permission
